Component: ARM Compiler 5.06 update 1 (build 61) Tool: armlink [4d35a8]

==============================================================================

Section Cross References

    main.o(.text) refers to delay.o(.text) for delay_init
    main.o(.text) refers to misc.o(.text) for NVIC_PriorityGroupConfig
    main.o(.text) refers to usart.o(.text) for uart_init
    main.o(.text) refers to exti.o(.text) for KEY_Init
    main.o(.text) refers to beep.o(.text) for BEEP_Init
    main.o(.text) refers to lcd.o(.text) for LCD_Init
    main.o(.text) refers to displaychess.o(.text) for initUI
    main.o(.text) refers to chess.o(.text) for change
    main.o(.text) refers to check.o(.text) for check
    main.o(.text) refers to stm32f10x_exti.o(.text) for EXTI_ClearITPendingBit
    main.o(.text) refers to stm32f10x_gpio.o(.text) for GPIO_ReadInputDataBit
    main.o(.text) refers to touch.o(.data) for tp_dev
    main.o(.text) refers to lcd.o(.data) for POINT_COLOR
    main.o(.text) refers to chess.o(.data) for piece
    main.o(.text) refers to displaychess.o(.data) for lengthCH2
    main.o(.text) refers to main.o(.data) for selectIndex
    system_stm32f10x.o(.text) refers to system_stm32f10x.o(.data) for SystemCoreClock
    chess.o(.text) refers to chess.o(.data) for pieceTable
    chess.o(.data) refers to chess.o(.text) for car
    check.o(.text) refers to chess.o(.text) for change
    check.o(.text) refers to chess.o(.data) for piece
    lcd.o(.text) refers to delay.o(.text) for delay_us
    lcd.o(.text) refers to lcd.o(.bss) for lcddev
    lcd.o(.text) refers to lcd.o(.data) for POINT_COLOR
    lcd.o(.text) refers to dflt_clz.o(x$fpl$dfltu) for __aeabi_ui2d
    lcd.o(.text) refers to dmul.o(x$fpl$dmul) for __aeabi_dmul
    lcd.o(.text) refers to dfixu.o(x$fpl$dfixu) for __aeabi_d2uiz
    lcd.o(.text) refers to stm32f10x_rcc.o(.text) for RCC_AHBPeriphClockCmd
    lcd.o(.text) refers to stm32f10x_gpio.o(.text) for GPIO_Init
    lcd.o(.text) refers to stm32f10x_fsmc.o(.text) for FSMC_NORSRAMInit
    lcd.o(.text) refers to font.o(.constdata) for asc2_1206
    lcd.o(.text) refers to dflt_clz.o(x$fpl$dflt) for __aeabi_i2d
    lcd.o(.text) refers to ddiv.o(x$fpl$ddiv) for __aeabi_ddiv
    lcd.o(.text) refers to daddsub_clz.o(x$fpl$dadd) for __aeabi_dadd
    lcd.o(.text) refers to daddsub_clz.o(x$fpl$dsub) for __aeabi_dsub
    lcd.o(.text) refers to chess.o(.data) for piece
    lcd.o(.text) refers to displaychess.o(.bss) for turnPiX
    lcd.o(.text) refers to displaychess.o(.data) for pieceR
    displaychess.o(.text) refers to lcd.o(.text) for LCD_Fill_Circle
    displaychess.o(.text) refers to chess.o(.data) for piece
    displaychess.o(.text) refers to displaychess.o(.bss) for turnPiX
    displaychess.o(.text) refers to displaychess.o(.data) for pieceR
    displaychess.o(.text) refers to lcd.o(.data) for BACK_COLOR
    displaychess.o(.text) refers to lcd.o(.bss) for lcddev
    displaychess.o(.text) refers to font.o(.constdata) for GB_1616
    displaychess.o(.text) refers to dflt_clz.o(x$fpl$dflt) for __aeabi_i2d
    displaychess.o(.text) refers to dmul.o(x$fpl$dmul) for __aeabi_dmul
    displaychess.o(.text) refers to daddsub_clz.o(x$fpl$dadd) for __aeabi_dadd
    displaychess.o(.text) refers to ddiv.o(x$fpl$ddiv) for __aeabi_ddiv
    displaychess.o(.text) refers to dfix.o(x$fpl$dfix) for __aeabi_d2iz
    displaychess.o(.text) refers to dflt_clz.o(x$fpl$dfltu) for __aeabi_ui2d
    displaychess.o(.text) refers to daddsub_clz.o(x$fpl$dsub) for __aeabi_dsub
    displaychess.o(.text) refers to main.o(.data) for selectIndex
    displaychess.o(.text) refers to touch.o(.data) for tp_dev
    displaychess.o(.data) refers to font.o(.constdata) for GB_3232
    exti.o(.text) refers to stm32f10x_rcc.o(.text) for RCC_APB2PeriphClockCmd
    exti.o(.text) refers to stm32f10x_gpio.o(.text) for GPIO_EXTILineConfig
    exti.o(.text) refers to stm32f10x_exti.o(.text) for EXTI_Init
    exti.o(.text) refers to misc.o(.text) for NVIC_Init
    beep.o(.text) refers to stm32f10x_rcc.o(.text) for RCC_APB2PeriphClockCmd
    beep.o(.text) refers to stm32f10x_gpio.o(.text) for GPIO_Init
    24cxx.o(.text) refers to myiic.o(.text) for IIC_Init
    24cxx.o(.text) refers to delay.o(.text) for delay_us
    myiic.o(.text) refers to stm32f10x_rcc.o(.text) for RCC_APB2PeriphClockCmd
    myiic.o(.text) refers to stm32f10x_gpio.o(.text) for GPIO_Init
    myiic.o(.text) refers to delay.o(.text) for delay_us
    w25qxx.o(.text) refers to _printf_percent.o(.ARM.Collect$$_printf_percent$$00000000) for _printf_percent
    w25qxx.o(.text) refers to _printf_x.o(.ARM.Collect$$_printf_percent$$0000000C) for _printf_x
    w25qxx.o(.text) refers to _printf_hex_int.o(.text) for _printf_longlong_hex
    w25qxx.o(.text) refers to spi.o(.text) for SPI2_ReadWriteByte
    w25qxx.o(.text) refers to stm32f10x_rcc.o(.text) for RCC_APB2PeriphClockCmd
    w25qxx.o(.text) refers to stm32f10x_gpio.o(.text) for GPIO_Init
[...]
    dc.s                                     0x00000000   Number         0  dc.o ABSOLUTE
    font.c                                   0x00000000   Number         0  font.o ABSOLUTE
    main.c                                   0x00000000   Number         0  main.o ABSOLUTE
    stm32f10x_it.c                           0x00000000   Number         0  stm32f10x_it.o ABSOLUTE
    system_stm32f10x.c                       0x00000000   Number         0  system_stm32f10x.o ABSOLUTE
    RESET                                    0x08000000   Section      304  startup_stm32f10x_hd.o(RESET)
    !!!main                                  0x08000130   Section        8  __main.o(!!!main)
    !!!scatter                               0x08000138   Section       52  __scatter.o(!!!scatter)
    !!dczerorl2                              0x0800016c   Section       90  __dczerorl2.o(!!dczerorl2)
    !!handler_zi                             0x080001c8   Section       28  __scatter_zi.o(!!handler_zi)
    .ARM.Collect$$_printf_percent$$00000000  0x080001e4   Section        0  _printf_percent.o(.ARM.Collect$$_printf_percent$$00000000)
    .ARM.Collect$$_printf_percent$$00000009  0x080001e4   Section        6  _printf_d.o(.ARM.Collect$$_printf_percent$$00000009)
    .ARM.Collect$$_printf_percent$$0000000C  0x080001ea   Section        6  _printf_x.o(.ARM.Collect$$_printf_percent$$0000000C)
    .ARM.Collect$$_printf_percent$$00000014  0x080001f0   Section        6  _printf_s.o(.ARM.Collect$$_printf_percent$$00000014)
    .ARM.Collect$$_printf_percent$$00000017  0x080001f6   Section        4  _printf_percent_end.o(.ARM.Collect$$_printf_percent$$00000017)
    .ARM.Collect$$libinit$$00000000          0x080001fa   Section        2  libinit.o(.ARM.Collect$$libinit$$00000000)
    .ARM.Collect$$libinit$$00000002          0x080001fc   Section        0  libinit2.o(.ARM.Collect$$libinit$$00000002)
    .ARM.Collect$$libinit$$00000004          0x080001fc   Section        0  libinit2.o(.ARM.Collect$$libinit$$00000004)
    .ARM.Collect$$libinit$$0000000A          0x080001fc   Section        0  libinit2.o(.ARM.Collect$$libinit$$0000000A)
    .ARM.Collect$$libinit$$0000000C          0x080001fc   Section        0  libinit2.o(.ARM.Collect$$libinit$$0000000C)
    .ARM.Collect$$libinit$$0000000E          0x080001fc   Section        0  libinit2.o(.ARM.Collect$$libinit$$0000000E)
    .ARM.Collect$$libinit$$00000011          0x080001fc   Section        0  libinit2.o(.ARM.Collect$$libinit$$00000011)
    .ARM.Collect$$libinit$$00000013          0x080001fc   Section        0  libinit2.o(.ARM.Collect$$libinit$$00000013)
    .ARM.Collect$$libinit$$00000015          0x080001fc   Section        0  libinit2.o(.ARM.Collect$$libinit$$00000015)
    .ARM.Collect$$libinit$$00000017          0x080001fc   Section        0  libinit2.o(.ARM.Collect$$libinit$$00000017)
    .ARM.Collect$$libinit$$00000019          0x080001fc   Section        0  libinit2.o(.ARM.Collect$$libinit$$00000019)
    .ARM.Collect$$libinit$$0000001B          0x080001fc   Section        0  libinit2.o(.ARM.Collect$$libinit$$0000001B)
    .ARM.Collect$$libinit$$0000001D          0x080001fc   Section        0  libinit2.o(.ARM.Collect$$libinit$$0000001D)
    .ARM.Collect$$libinit$$0000001F          0x080001fc   Section        0  libinit2.o(.ARM.Collect$$libinit$$0000001F)
    .ARM.Collect$$libinit$$00000021          0x080001fc   Section        0  libinit2.o(.ARM.Collect$$libinit$$00000021)
    .ARM.Collect$$libinit$$00000023          0x080001fc   Section        0  libinit2.o(.ARM.Collect$$libinit$$00000023)
    .ARM.Collect$$libinit$$00000025          0x080001fc   Section        0  libinit2.o(.ARM.Collect$$libinit$$00000025)
    .ARM.Collect$$libinit$$0000002C          0x080001fc   Section        0  libinit2.o(.ARM.Collect$$libinit$$0000002C)
    .ARM.Collect$$libinit$$0000002E          0x080001fc   Section        0  libinit2.o(.ARM.Collect$$libinit$$0000002E)
    .ARM.Collect$$libinit$$00000030          0x080001fc   Section        0  libinit2.o(.ARM.Collect$$libinit$$00000030)
    .ARM.Collect$$libinit$$00000032          0x080001fc   Section        0  libinit2.o(.ARM.Collect$$libinit$$00000032)
    .ARM.Collect$$libinit$$00000033          0x080001fc   Section        2  libinit2.o(.ARM.Collect$$libinit$$00000033)
    .ARM.Collect$$libshutdown$$00000000      0x080001fe   Section        2  libshutdown.o(.ARM.Collect$$libshutdown$$00000000)
    .ARM.Collect$$libshutdown$$00000002      0x08000200   Section        0  libshutdown2.o(.ARM.Collect$$libshutdown$$00000002)
    .ARM.Collect$$libshutdown$$00000004      0x08000200   Section        0  libshutdown2.o(.ARM.Collect$$libshutdown$$00000004)
    .ARM.Collect$$libshutdown$$00000007      0x08000200   Section        0  libshutdown2.o(.ARM.Collect$$libshutdown$$00000007)
    .ARM.Collect$$libshutdown$$0000000A      0x08000200   Section        0  libshutdown2.o(.ARM.Collect$$libshutdown$$0000000A)
    .ARM.Collect$$libshutdown$$0000000C      0x08000200   Section        0  libshutdown2.o(.ARM.Collect$$libshutdown$$0000000C)
    .ARM.Collect$$libshutdown$$0000000F      0x08000200   Section        0  libshutdown2.o(.ARM.Collect$$libshutdown$$0000000F)
    .ARM.Collect$$libshutdown$$00000010      0x08000200   Section        2  libshutdown2.o(.ARM.Collect$$libshutdown$$00000010)
    .ARM.Collect$$rtentry$$00000000          0x08000202   Section        0  __rtentry.o(.ARM.Collect$$rtentry$$00000000)
    .ARM.Collect$$rtentry$$00000002          0x08000202   Section        0  __rtentry2.o(.ARM.Collect$$rtentry$$00000002)
    .ARM.Collect$$rtentry$$00000004          0x08000202   Section        6  __rtentry4.o(.ARM.Collect$$rtentry$$00000004)
    .ARM.Collect$$rtentry$$00000009          0x08000208   Section        0  __rtentry2.o(.ARM.Collect$$rtentry$$00000009)
    .ARM.Collect$$rtentry$$0000000A          0x08000208   Section        4  __rtentry2.o(.ARM.Collect$$rtentry$$0000000A)
    .ARM.Collect$$rtentry$$0000000C          0x0800020c   Section        0  __rtentry2.o(.ARM.Collect$$rtentry$$0000000C)
    .ARM.Collect$$rtentry$$0000000D          0x0800020c   Section        8  __rtentry2.o(.ARM.Collect$$rtentry$$0000000D)
    .ARM.Collect$$rtexit$$00000000           0x08000214   Section        2  rtexit.o(.ARM.Collect$$rtexit$$00000000)
    .ARM.Collect$$rtexit$$00000002           0x08000216   Section        0  rtexit2.o(.ARM.Collect$$rtexit$$00000002)
    .ARM.Collect$$rtexit$$00000003           0x08000216   Section        4  rtexit2.o(.ARM.Collect$$rtexit$$00000003)
    .ARM.Collect$$rtexit$$00000004           0x0800021a   Section        6  rtexit2.o(.ARM.Collect$$rtexit$$00000004)
    .text                                    0x08000220   Section        0  main.o(.text)
    .text                                    0x0800073c   Section        0  stm32f10x_it.o(.text)
    .text                                    0x08000758   Section        0  system_stm32f10x.o(.text)
    SetSysClockTo72                          0x08000759   Thumb Code   214  system_stm32f10x.o(.text)
    SetSysClock                              0x0800082f   Thumb Code     8  system_stm32f10x.o(.text)
    .text                                    0x08000938   Section        0  chess.o(.text)
    .text                                    0x08000eb0   Section        0  check.o(.text)
    .text                                    0x0800167c   Section        0  lcd.o(.text)
    .text                                    0x080065bc   Section        0  displaychess.o(.text)
    .text                                    0x08006c54   Section        0  exti.o(.text)
    .text                                    0x08006cc0   Section        0  beep.o(.text)
    .text                                    0x08006cf8   Section        0  24cxx.o(.text)
    .text                                    0x08006e20   Section        0  myiic.o(.text)
    .text                                    0x0800708c   Section        0  ctiic.o(.text)
    .text                                    0x08007310   Section        0  ft5206.o(.text)
    .text                                    0x08007648   Section        0  gt9147.o(.text)
    .text                                    0x08007aa0   Section        0  ott2001a.o(.text)
    .text                                    0x08007e0c   Section        0  touch.o(.text)
    .text                                    0x08008dc0   Section        0  delay.o(.text)
    .text                                    0x08008e94   Section        0  usart.o(.text)
    .text                                    0x08008fd4   Section       64  startup_stm32f10x_hd.o(.text)
    .text                                    0x08009014   Section        0  misc.o(.text)
    .text                                    0x080090f0   Section        0  stm32f10x_fsmc.o(.text)
    .text                                    0x080096fc   Section        0  stm32f10x_gpio.o(.text)
    .text                                    0x08009a58   Section        0  stm32f10x_rcc.o(.text)
    .text                                    0x08009dfc   Section        0  stm32f10x_usart.o(.text)
    .text                                    0x0800a204   Section        0  stm32f10x_exti.o(.text)
    .text                                    0x0800a320   Section        2  use_no_semi_2.o(.text)
    .text                                    0x0800a324   Section        0  noretval__2printf.o(.text)
    .text                                    0x0800a33c   Section        0  __printf.o(.text)
    .text                                    0x0800a3a4   Section        0  _printf_str.o(.text)
    .text                                    0x0800a3f8   Section        0  _printf_dec.o(.text)
    .text                                    0x0800a470   Section        0  _printf_hex_int.o(.text)
    .text                                    0x0800a4c8   Section      128  strcmpv7m.o(.text)
    .text                                    0x0800a548   Section        0  heapauxi.o(.text)
    .text                                    0x0800a54e   Section        2  use_no_semi.o(.text)
    .text                                    0x0800a550   Section        0  _rserrno.o(.text)
    .text                                    0x0800a566   Section        0  _printf_intcommon.o(.text)
    .text                                    0x0800a618   Section        0  _printf_char.o(.text)
    .text                                    0x0800a644   Section        0  _printf_char_file.o(.text)
    .text                                    0x0800a668   Section        8  rt_errno_addr_intlibspace.o(.text)
    .text                                    0x0800a670   Section        0  _printf_char_common.o(.text)
    _printf_input_char                       0x0800a671   Thumb Code    10  _printf_char_common.o(.text)
    .text                                    0x0800a6a0   Section        0  ferror.o(.text)
    .text                                    0x0800a6a8   Section        8  libspace.o(.text)
    .text                                    0x0800a6b0   Section       74  sys_stackheap_outer.o(.text)
    .text                                    0x0800a6fa   Section        0  exit.o(.text)
    i.sqrt                                   0x0800a70c   Section        0  sqrt.o(i.sqrt)
    x$fpl$dadd                               0x0800a758   Section      336  daddsub_clz.o(x$fpl$dadd)
    _dadd1                                   0x0800a769   Thumb Code     0  daddsub_clz.o(x$fpl$dadd)
    x$fpl$dcmpinf                            0x0800a8a8   Section       24  dcmpi.o(x$fpl$dcmpinf)
    x$fpl$ddiv                               0x0800a8c0   Section      688  ddiv.o(x$fpl$ddiv)
    ddiv_entry                               0x0800a8c7   Thumb Code     0  ddiv.o(x$fpl$ddiv)
    x$fpl$dfix                               0x0800ab70   Section       94  dfix.o(x$fpl$dfix)
    x$fpl$dfixu                              0x0800abd0   Section       90  dfixu.o(x$fpl$dfixu)
    x$fpl$dflt                               0x0800ac2a   Section       46  dflt_clz.o(x$fpl$dflt)
    x$fpl$dfltu                              0x0800ac58   Section       38  dflt_clz.o(x$fpl$dfltu)
    x$fpl$dleqf                              0x0800ac80   Section      120  dleqf.o(x$fpl$dleqf)
    x$fpl$dmul                               0x0800acf8   Section      340  dmul.o(x$fpl$dmul)
    x$fpl$dnaninf                            0x0800ae4c   Section      156  dnaninf.o(x$fpl$dnaninf)
    x$fpl$dretinf                            0x0800aee8   Section       12  dretinf.o(x$fpl$dretinf)
    x$fpl$drleqf                             0x0800aef4   Section      108  drleqf.o(x$fpl$drleqf)
    x$fpl$drsb                               0x0800af60   Section       22  daddsub_clz.o(x$fpl$drsb)
    x$fpl$dsqrt                              0x0800af78   Section      460  dsqrt_noumaal.o(x$fpl$dsqrt)
    x$fpl$dsub                               0x0800b144   Section      468  daddsub_clz.o(x$fpl$dsub)
    _dsub1                                   0x0800b155   Thumb Code     0  daddsub_clz.o(x$fpl$dsub)
    x$fpl$f2d                                0x0800b318   Section       86  f2d.o(x$fpl$f2d)
    x$fpl$fadd                               0x0800b370   Section      196  faddsub_clz.o(x$fpl$fadd)
    _fadd1                                   0x0800b37f   Thumb Code     0  faddsub_clz.o(x$fpl$fadd)
    x$fpl$fdiv                               0x0800b434   Section      388  fdiv.o(x$fpl$fdiv)
    _fdiv1                                   0x0800b435   Thumb Code     0  fdiv.o(x$fpl$fdiv)
    x$fpl$ffix                               0x0800b5b8   Section       54  ffix.o(x$fpl$ffix)
    x$fpl$ffixu                              0x0800b5f0   Section       62  ffixu.o(x$fpl$ffixu)
    x$fpl$fflt                               0x0800b630   Section       48  fflt_clz.o(x$fpl$fflt)
    x$fpl$ffltu                              0x0800b660   Section       38  fflt_clz.o(x$fpl$ffltu)
    x$fpl$fmul                               0x0800b688   Section      258  fmul.o(x$fpl$fmul)
    x$fpl$fnaninf                            0x0800b78a   Section      140  fnaninf.o(x$fpl$fnaninf)
    x$fpl$fretinf                            0x0800b816   Section       10  fretinf.o(x$fpl$fretinf)
    x$fpl$fsub                               0x0800b820   Section      234  faddsub_clz.o(x$fpl$fsub)
    _fsub1                                   0x0800b82f   Thumb Code     0  faddsub_clz.o(x$fpl$fsub)
    x$fpl$usenofp                            0x0800b90a   Section        0  usenofp.o(x$fpl$usenofp)
    .constdata                               0x0800b90c   Section    16184  font.o(.constdata)
    .constdata                               0x0800f844   Section       10  ft5206.o(.constdata)
    .constdata                               0x0800f84e   Section      194  gt9147.o(.constdata)
    .constdata                               0x0800f910   Section       10  ott2001a.o(.constdata)
    .constdata                               0x0800f91c   Section        4  touch.o(.constdata)
    .constdata                               0x0800f920   Section       40  _printf_hex_int.o(.constdata)
    uc_hextab                                0x0800f920   Data          20  _printf_hex_int.o(.constdata)
    lc_hextab                                0x0800f934   Data          20  _printf_hex_int.o(.constdata)
    .conststring                             0x0800f948   Section      121  touch.o(.conststring)
    .data                                    0x20000000   Section        2  main.o(.data)
    .data                                    0x20000004   Section       20  system_stm32f10x.o(.data)
    .data                                    0x20000018   Section      610  chess.o(.data)
    .data                                    0x2000027a   Section        4  lcd.o(.data)
    .data                                    0x20000280   Section       24  displaychess.o(.data)
    .data                                    0x20000298   Section        1  ft5206.o(.data)
    t                                        0x20000298   Data           1  ft5206.o(.data)
    .data                                    0x20000299   Section        1  gt9147.o(.data)
    t                                        0x20000299   Data           1  gt9147.o(.data)
    .data                                    0x2000029a   Section        1  ott2001a.o(.data)
    t                                        0x2000029a   Data           1  ott2001a.o(.data)
    .data                                    0x2000029c   Section       54  touch.o(.data)
    .data                                    0x200002d2   Section        4  delay.o(.data)
    fac_us                                   0x200002d2   Data           1  delay.o(.data)
    fac_ms                                   0x200002d4   Data           2  delay.o(.data)
    .data                                    0x200002d8   Section        6  usart.o(.data)
    .data                                    0x200002de   Section       20  stm32f10x_rcc.o(.data)
    APBAHBPrescTable                         0x200002de   Data          16  stm32f10x_rcc.o(.data)
    ADCPrescTable                            0x200002ee   Data           4  stm32f10x_rcc.o(.data)
    .bss                                     0x200002f4   Section       14  lcd.o(.bss)
    .bss                                     0x20000302   Section       38  displaychess.o(.bss)
    .bss                                     0x20000328   Section      200  usart.o(.bss)
    .bss                                     0x200003f0   Section       96  libspace.o(.bss)
    HEAP                                     0x20000450   Section      512  startup_stm32f10x_hd.o(HEAP)
    Heap_Mem                                 0x20000450   Data         512  startup_stm32f10x_hd.o(HEAP)
    STACK                                    0x20000650   Section     1024  startup_stm32f10x_hd.o(STACK)
    Stack_Mem                                0x20000650   Data        1024  startup_stm32f10x_hd.o(STACK)
    __initial_sp                             0x20000a50   Data           0  startup_stm32f10x_hd.o(STACK)

    Global Symbols

    Symbol Name                              Value     Ov Type        Size  Object(Section)

    BuildAttributes$$THM_ISAv4$P$D$K$B$S$PE$A:L22UL41UL21$X:L11$S22US41US21$IEEE1$IW$USESV6$~STKCKD$USESV7$~SHL$OTIME$ROPI$IEEEJ$EBA8$UX$STANDARDLIB$REQ8$PRES8$EABIv2 0x00000000   Number         0  anon$$obj.o ABSOLUTE
    __ARM_use_no_argv                        0x00000000   Number         0  main.o ABSOLUTE
    __ARM_exceptions_init                     - Undefined Weak Reference
    __alloca_initialize                       - Undefined Weak Reference
    __arm_preinit_                            - Undefined Weak Reference
    __cpp_initialize__aeabi_                  - Undefined Weak Reference
    __cxa_finalize                            - Undefined Weak Reference
    __rt_locale                               - Undefined Weak Reference
    __sigvec_lookup                           - Undefined Weak Reference
    _atexit_init                              - Undefined Weak Reference
    _call_atexit_fns                          - Undefined Weak Reference
    _clock_init                               - Undefined Weak Reference
    _fp_trap_init                             - Undefined Weak Reference
    _fp_trap_shutdown                         - Undefined Weak Reference
    _get_lc_collate                           - Undefined Weak Reference
    _get_lc_ctype                             - Undefined Weak Reference
    _get_lc_monetary                          - Undefined Weak Reference
    _get_lc_numeric                           - Undefined Weak Reference
    _get_lc_time                              - Undefined Weak Reference
    _getenv_init                              - Undefined Weak Reference
    _handle_redirection                       - Undefined Weak Reference
    _init_alloc                               - Undefined Weak Reference
    _init_user_alloc                          - Undefined Weak Reference
    _initio                                   - Undefined Weak Reference
    _mutex_acquire                            - Undefined Weak Reference
    _mutex_release                            - Undefined Weak Reference
    _printf_mbtowc                            - Undefined Weak Reference
    _printf_post_padding                      - Undefined Weak Reference
    _printf_pre_padding                       - Undefined Weak Reference
    _printf_truncate_signed                   - Undefined Weak Reference
    _printf_truncate_unsigned                 - Undefined Weak Reference
    _rand_init                                - Undefined Weak Reference
    _signal_finish                            - Undefined Weak Reference
    _signal_init                              - Undefined Weak Reference
    _terminate_alloc                          - Undefined Weak Reference
    _terminate_user_alloc                     - Undefined Weak Reference
    _terminateio                              - Undefined Weak Reference
    __Vectors_Size                           0x00000130   Number         0  startup_stm32f10x_hd.o ABSOLUTE
    __Vectors                                0x08000000   Data           4  startup_stm32f10x_hd.o(RESET)
    __Vectors_End                            0x08000130   Data           0  startup_stm32f10x_hd.o(RESET)
    __main                                   0x08000131   Thumb Code     8  __main.o(!!!main)
    __scatterload                            0x08000139   Thumb Code     0  __scatter.o(!!!scatter)
    __scatterload_rt2                        0x08000139   Thumb Code    44  __scatter.o(!!!scatter)
    __scatterload_rt2_thumb_only             0x08000139   Thumb Code     0  __scatter.o(!!!scatter)
    __scatterload_null                       0x08000147   Thumb Code     0  __scatter.o(!!!scatter)
    __decompress                             0x0800016d   Thumb Code    90  __dczerorl2.o(!!dczerorl2)
    __decompress1                            0x0800016d   Thumb Code     0  __dczerorl2.o(!!dczerorl2)
    __scatterload_zeroinit                   0x080001c9   Thumb Code    28  __scatter_zi.o(!!handler_zi)
    _printf_d                                0x080001e5   Thumb Code     0  _printf_d.o(.ARM.Collect$$_printf_percent$$00000009)
    _printf_percent                          0x080001e5   Thumb Code     0  _printf_percent.o(.ARM.Collect$$_printf_percent$$00000000)
    _printf_x                                0x080001eb   Thumb Code     0  _printf_x.o(.ARM.Collect$$_printf_percent$$0000000C)
    _printf_s                                0x080001f1   Thumb Code     0  _printf_s.o(.ARM.Collect$$_printf_percent$$00000014)
    _printf_percent_end                      0x080001f7   Thumb Code     0  _printf_percent_end.o(.ARM.Collect$$_printf_percent$$00000017)
    __rt_lib_init                            0x080001fb   Thumb Code     0  libinit.o(.ARM.Collect$$libinit$$00000000)
    __rt_lib_init_alloca_1                   0x080001fd   Thumb Code     0  libinit2.o(.ARM.Collect$$libinit$$0000002E)
    __rt_lib_init_argv_1                     0x080001fd   Thumb Code     0  libinit2.o(.ARM.Collect$$libinit$$0000002C)
    __rt_lib_init_atexit_1                   0x080001fd   Thumb Code     0  libinit2.o(.ARM.Collect$$libinit$$0000001B)
    __rt_lib_init_clock_1                    0x080001fd   Thumb Code     0  libinit2.o(.ARM.Collect$$libinit$$00000021)
    __rt_lib_init_cpp_1                      0x080001fd   Thumb Code     0  libinit2.o(.ARM.Collect$$libinit$$00000032)
    __rt_lib_init_exceptions_1               0x080001fd   Thumb Code     0  libinit2.o(.ARM.Collect$$libinit$$00000030)
    __rt_lib_init_fp_1                       0x080001fd   Thumb Code     0  libinit2.o(.ARM.Collect$$libinit$$00000002)
    __rt_lib_init_fp_trap_1                  0x080001fd   Thumb Code     0  libinit2.o(.ARM.Collect$$libinit$$0000001F)
    __rt_lib_init_getenv_1                   0x080001fd   Thumb Code     0  libinit2.o(.ARM.Collect$$libinit$$00000023)
    __rt_lib_init_heap_1                     0x080001fd   Thumb Code     0  libinit2.o(.ARM.Collect$$libinit$$0000000A)
    __rt_lib_init_lc_collate_1               0x080001fd   Thumb Code     0  libinit2.o(.ARM.Collect$$libinit$$00000011)
    __rt_lib_init_lc_ctype_1                 0x080001fd   Thumb Code     0  libinit2.o(.ARM.Collect$$libinit$$00000013)
    __rt_lib_init_lc_monetary_1              0x080001fd   Thumb Code     0  libinit2.o(.ARM.Collect$$libinit$$00000015)
    __rt_lib_init_lc_numeric_1               0x080001fd   Thumb Code     0  libinit2.o(.ARM.Collect$$libinit$$00000017)
    __rt_lib_init_lc_time_1                  0x080001fd   Thumb Code     0  libinit2.o(.ARM.Collect$$libinit$$00000019)
    __rt_lib_init_preinit_1                  0x080001fd   Thumb Code     0  libinit2.o(.ARM.Collect$$libinit$$00000004)
    __rt_lib_init_rand_1                     0x080001fd   Thumb Code     0  libinit2.o(.ARM.Collect$$libinit$$0000000E)
    __rt_lib_init_return                     0x080001fd   Thumb Code     0  libinit2.o(.ARM.Collect$$libinit$$00000033)
    __rt_lib_init_signal_1                   0x080001fd   Thumb Code     0  libinit2.o(.ARM.Collect$$libinit$$0000001D)
    __rt_lib_init_stdio_1                    0x080001fd   Thumb Code     0  libinit2.o(.ARM.Collect$$libinit$$00000025)
    __rt_lib_init_user_alloc_1               0x080001fd   Thumb Code     0  libinit2.o(.ARM.Collect$$libinit$$0000000C)
    __rt_lib_shutdown                        0x080001ff   Thumb Code     0  libshutdown.o(.ARM.Collect$$libshutdown$$00000000)
    __rt_lib_shutdown_cpp_1                  0x08000201   Thumb Code     0  libshutdown2.o(.ARM.Collect$$libshutdown$$00000002)
    __rt_lib_shutdown_fp_trap_1              0x08000201   Thumb Code     0  libshutdown2.o(.ARM.Collect$$libshutdown$$00000007)
    __rt_lib_shutdown_heap_1                 0x08000201   Thumb Code     0  libshutdown2.o(.ARM.Collect$$libshutdown$$0000000F)
    __rt_lib_shutdown_return                 0x08000201   Thumb Code     0  libshutdown2.o(.ARM.Collect$$libshutdown$$00000010)
    __rt_lib_shutdown_signal_1               0x08000201   Thumb Code     0  libshutdown2.o(.ARM.Collect$$libshutdown$$0000000A)
    __rt_lib_shutdown_stdio_1                0x08000201   Thumb Code     0  libshutdown2.o(.ARM.Collect$$libshutdown$$00000004)
    __rt_lib_shutdown_user_alloc_1           0x08000201   Thumb Code     0  libshutdown2.o(.ARM.Collect$$libshutdown$$0000000C)
    __rt_entry                               0x08000203   Thumb Code     0  __rtentry.o(.ARM.Collect$$rtentry$$00000000)
    __rt_entry_presh_1                       0x08000203   Thumb Code     0  __rtentry2.o(.ARM.Collect$$rtentry$$00000002)
    __rt_entry_sh                            0x08000203   Thumb Code     0  __rtentry4.o(.ARM.Collect$$rtentry$$00000004)
    __rt_entry_li                            0x08000209   Thumb Code     0  __rtentry2.o(.ARM.Collect$$rtentry$$0000000A)
    __rt_entry_postsh_1                      0x08000209   Thumb Code     0  __rtentry2.o(.ARM.Collect$$rtentry$$00000009)
    __rt_entry_main                          0x0800020d   Thumb Code     0  __rtentry2.o(.ARM.Collect$$rtentry$$0000000D)
    __rt_entry_postli_1                      0x0800020d   Thumb Code     0  __rtentry2.o(.ARM.Collect$$rtentry$$0000000C)
    __rt_exit                                0x08000215   Thumb Code     0  rtexit.o(.ARM.Collect$$rtexit$$00000000)
    __rt_exit_ls                             0x08000217   Thumb Code     0  rtexit2.o(.ARM.Collect$$rtexit$$00000003)
    __rt_exit_prels_1                        0x08000217   Thumb Code     0  rtexit2.o(.ARM.Collect$$rtexit$$00000002)
    __rt_exit_exit                           0x0800021b   Thumb Code     0  rtexit2.o(.ARM.Collect$$rtexit$$00000004)
    main                                     0x08000221   Thumb Code   866  main.o(.text)
    EXTI4_IRQHandler                         0x08000583   Thumb Code   410  main.o(.text)
    NMI_Handler                              0x0800073d   Thumb Code     2  stm32f10x_it.o(.text)
    HardFault_Handler                        0x0800073f   Thumb Code     4  stm32f10x_it.o(.text)
    MemManage_Handler                        0x08000743   Thumb Code     4  stm32f10x_it.o(.text)
    BusFault_Handler                         0x08000747   Thumb Code     4  stm32f10x_it.o(.text)
    UsageFault_Handler                       0x0800074b   Thumb Code     4  stm32f10x_it.o(.text)
    SVC_Handler                              0x0800074f   Thumb Code     2  stm32f10x_it.o(.text)
    DebugMon_Handler                         0x08000751   Thumb Code     2  stm32f10x_it.o(.text)
    PendSV_Handler                           0x08000753   Thumb Code     2  stm32f10x_it.o(.text)
    SysTick_Handler                          0x08000755   Thumb Code     2  stm32f10x_it.o(.text)
    SystemInit                               0x08000837   Thumb Code    78  system_stm32f10x.o(.text)
    SystemCoreClockUpdate                    0x08000885   Thumb Code   142  system_stm32f10x.o(.text)
    car                                      0x08000939   Thumb Code   222  chess.o(.text)
    horse                                    0x08000a17   Thumb Code   154  chess.o(.text)
    elephant                                 0x08000ab1   Thumb Code   168  chess.o(.text)
    guard                                    0x08000b59   Thumb Code   116  chess.o(.text)
    general                                  0x08000bcd   Thumb Code   114  chess.o(.text)
    cannon                                   0x08000c3f   Thumb Code   256  chess.o(.text)
    soldier                                  0x08000d3f   Thumb Code   148  chess.o(.text)
    change                                   0x08000dd3   Thumb Code   120  chess.o(.text)
    backChange                               0x08000e4b   Thumb Code    94  chess.o(.text)
    generalLine                              0x08000eb1   Thumb Code    74  check.o(.text)
    check                                    0x08000efb   Thumb Code   194  check.o(.text)
    tryMove                                  0x08000fbd   Thumb Code   126  check.o(.text)
    judgePosition                            0x0800103b   Thumb Code    92  check.o(.text)
    escapeFromCannon                         0x08001097   Thumb Code   904  check.o(.text)
    judgeWin                                 0x0800141f   Thumb Code   594  check.o(.text)
    LCD_WR_REG                               0x0800167d   Thumb Code     6  lcd.o(.text)
    LCD_WR_DATA                              0x08001683   Thumb Code     8  lcd.o(.text)
    LCD_RD_DATA                              0x0800168b   Thumb Code    16  lcd.o(.text)
    LCD_WriteReg                             0x0800169b   Thumb Code    10  lcd.o(.text)
    LCD_ReadReg                              0x080016a5   Thumb Code    22  lcd.o(.text)
    LCD_WriteRAM_Prepare                     0x080016bb   Thumb Code    10  lcd.o(.text)
    LCD_WriteRAM                             0x080016c5   Thumb Code     8  lcd.o(.text)
    LCD_BGR2RGB                              0x080016cd   Thumb Code    26  lcd.o(.text)
    opt_delay                                0x080016e7   Thumb Code    14  lcd.o(.text)
    LCD_SetCursor                            0x080016f5   Thumb Code   418  lcd.o(.text)
    LCD_ReadPoint                            0x08001897   Thumb Code   360  lcd.o(.text)
    LCD_DisplayOn                            0x080019ff   Thumb Code   102  lcd.o(.text)
    LCD_DisplayOff                           0x08001a65   Thumb Code    90  lcd.o(.text)
    LCD_Scan_Dir                             0x08001abf   Thumb Code   744  lcd.o(.text)
    LCD_DrawPoint                            0x08001da7   Thumb Code    28  lcd.o(.text)
    LCD_Fast_DrawPoint                       0x08001dc3   Thumb Code   384  lcd.o(.text)
    LCD_SSD_BackLightSet                     0x08001f43   Thumb Code    80  lcd.o(.text)
    LCD_Display_Dir                          0x08001f93   Thumb Code   444  lcd.o(.text)
    LCD_Set_Window                           0x0800214f   Thumb Code   540  lcd.o(.text)
    LCD_Clear                                0x0800236b   Thumb Code   100  lcd.o(.text)
    LCD_Init                                 0x080023cf   Thumb Code 14158  lcd.o(.text)
    LCD_Fill                                 0x08005b1d   Thumb Code   178  lcd.o(.text)
    LCD_Color_Fill                           0x08005bcf   Thumb Code   104  lcd.o(.text)
    LCD_DrawLine                             0x08005c37   Thumb Code   176  lcd.o(.text)
    LCD_DrawRectangle                        0x08005ce7   Thumb Code    60  lcd.o(.text)
    LCD_Draw_Circle                          0x08005d23   Thumb Code   152  lcd.o(.text)
    LCD_ShowChar                             0x08005dbb   Thumb Code   272  lcd.o(.text)
    LCD_Pow                                  0x08005ecb   Thumb Code    22  lcd.o(.text)
    LCD_ShowNum                              0x08005ee1   Thumb Code   148  lcd.o(.text)
    LCD_ShowxNum                             0x08005f75   Thumb Code   220  lcd.o(.text)
    LCD_ShowString                           0x08006051   Thumb Code   102  lcd.o(.text)
    LCD_Fill_Circle                          0x080060b7   Thumb Code   140  lcd.o(.text)
    write_Chinese                            0x08006143   Thumb Code   246  lcd.o(.text)
    pieceWrite                               0x08006239   Thumb Code   716  lcd.o(.text)
    chess_DrawLine                           0x08006505   Thumb Code   180  lcd.o(.text)
    makePiece                                0x080065bd   Thumb Code    68  displaychess.o(.text)
    initPiece                                0x08006601   Thumb Code    22  displaychess.o(.text)
    initUI                                   0x08006617   Thumb Code   416  displaychess.o(.text)
    clearPiece                               0x080067b7   Thumb Code   462  displaychess.o(.text)
    selectPiece                              0x08006985   Thumb Code   154  displaychess.o(.text)
    deSelectPiece                            0x08006a1f   Thumb Code    68  displaychess.o(.text)
    getPath                                  0x08006a63   Thumb Code   432  displaychess.o(.text)
    extiInit                                 0x08006c55   Thumb Code    70  exti.o(.text)
    KEY_Init                                 0x08006c9b   Thumb Code    32  exti.o(.text)
    BEEP_Init                                0x08006cc1   Thumb Code    50  beep.o(.text)
    AT24CXX_Init                             0x08006cf9   Thumb Code     8  24cxx.o(.text)
    AT24CXX_ReadOneByte                      0x08006d01   Thumb Code    88  24cxx.o(.text)
    AT24CXX_WriteOneByte                     0x08006d59   Thumb Code    82  24cxx.o(.text)
    AT24CXX_Check                            0x08006dab   Thumb Code    46  24cxx.o(.text)
    AT24CXX_Read                             0x08006dd9   Thumb Code    34  24cxx.o(.text)
    AT24CXX_Write                            0x08006dfb   Thumb Code    36  24cxx.o(.text)
    IIC_Init                                 0x08006e21   Thumb Code    46  myiic.o(.text)
    IIC_Start                                0x08006e4f   Thumb Code    64  myiic.o(.text)
    IIC_Stop                                 0x08006e8f   Thumb Code    66  myiic.o(.text)
    IIC_Wait_Ack                             0x08006ed1   Thumb Code    86  myiic.o(.text)
    IIC_Ack                                  0x08006f27   Thumb Code    70  myiic.o(.text)
    IIC_NAck                                 0x08006f6d   Thumb Code    70  myiic.o(.text)
    IIC_Send_Byte                            0x08006fb3   Thumb Code   104  myiic.o(.text)
    IIC_Read_Byte                            0x0800701b   Thumb Code   100  myiic.o(.text)
    CT_Delay                                 0x0800708d   Thumb Code    10  ctiic.o(.text)
    CT_IIC_Init                              0x08007097   Thumb Code    72  ctiic.o(.text)
    CT_IIC_Start                             0x080070df   Thumb Code    66  ctiic.o(.text)
    CT_IIC_Stop                              0x08007121   Thumb Code    60  ctiic.o(.text)
    CT_IIC_Wait_Ack                          0x0800715d   Thumb Code    86  ctiic.o(.text)
    CT_IIC_Ack                               0x080071b3   Thumb Code    70  ctiic.o(.text)
    CT_IIC_NAck                              0x080071f9   Thumb Code    70  ctiic.o(.text)
    CT_IIC_Send_Byte                         0x0800723f   Thumb Code    86  ctiic.o(.text)
    CT_IIC_Read_Byte                         0x08007295   Thumb Code   100  ctiic.o(.text)
    FT5206_WR_Reg                            0x08007311   Thumb Code    82  ft5206.o(.text)
    FT5206_RD_Reg                            0x08007363   Thumb Code    88  ft5206.o(.text)
    FT5206_Init                              0x080073bb   Thumb Code   216  ft5206.o(.text)
    FT5206_Scan                              0x08007493   Thumb Code   400  ft5206.o(.text)
    GT9147_WR_Reg                            0x08007649   Thumb Code    92  gt9147.o(.text)
    GT9147_Send_Cfg                          0x080076a5   Thumb Code    86  gt9147.o(.text)
    GT9147_RD_Reg                            0x080076fb   Thumb Code    98  gt9147.o(.text)
    GT9147_Init                              0x0800775d   Thumb Code   268  gt9147.o(.text)
    GT9147_Scan                              0x08007869   Thumb Code   494  gt9147.o(.text)
    OTT2001A_WR_Reg                          0x08007aa1   Thumb Code    92  ott2001a.o(.text)
    OTT2001A_RD_Reg                          0x08007afd   Thumb Code    98  ott2001a.o(.text)
    OTT2001A_SensorControl                   0x08007b5f   Thumb Code    28  ott2001a.o(.text)
    OTT2001A_Init                            0x08007b7b   Thumb Code   156  ott2001a.o(.text)
    OTT2001A_Scan                            0x08007c17   Thumb Code   446  ott2001a.o(.text)
    TP_Write_Byte                            0x08007e0d   Thumb Code    64  touch.o(.text)
    TP_Read_AD                               0x08007e4d   Thumb Code   136  touch.o(.text)
    TP_Read_XOY                              0x08007ed5   Thumb Code   120  touch.o(.text)
    TP_Read_XY                               0x08007f4d   Thumb Code    38  touch.o(.text)
    TP_Read_XY2                              0x08007f73   Thumb Code   192  touch.o(.text)
    TP_Drow_Touch_Point                      0x08008033   Thumb Code   108  touch.o(.text)
    TP_Draw_Big_Point                        0x0800809f   Thumb Code    54  touch.o(.text)
    TP_Scan                                  0x080080d5   Thumb Code   264  touch.o(.text)
    TP_Save_Adjdata                          0x080081dd   Thumb Code    24  touch.o(.text)
    TP_Get_Adjdata                           0x080081f5   Thumb Code   104  touch.o(.text)
    TP_Adj_Info_Show                         0x0800825d   Thumb Code   374  touch.o(.text)
    TP_Adjust                                0x080083d3   Thumb Code  2128  touch.o(.text)
    TP_Init                                  0x08008c23   Thumb Code   330  touch.o(.text)
    delay_init                               0x08008dc1   Thumb Code    50  delay.o(.text)
    delay_us                                 0x08008df3   Thumb Code    72  delay.o(.text)
    delay_ms                                 0x08008e3b   Thumb Code    72  delay.o(.text)
    _sys_exit                                0x08008e95   Thumb Code     4  usart.o(.text)
    fputc                                    0x08008e99   Thumb Code    24  usart.o(.text)
    uart_init                                0x08008eb1   Thumb Code   152  usart.o(.text)
    USART1_IRQHandler                        0x08008f49   Thumb Code   122  usart.o(.text)
    Reset_Handler                            0x08008fd5   Thumb Code     8  startup_stm32f10x_hd.o(.text)
    ADC1_2_IRQHandler                        0x08008fef   Thumb Code     0  startup_stm32f10x_hd.o(.text)
    ADC3_IRQHandler                          0x08008fef   Thumb Code     0  startup_stm32f10x_hd.o(.text)
    CAN1_RX1_IRQHandler                      0x08008fef   Thumb Code     0  startup_stm32f10x_hd.o(.text)
    CAN1_SCE_IRQHandler                      0x08008fef   Thumb Code     0  startup_stm32f10x_hd.o(.text)
    DMA1_Channel1_IRQHandler                 0x08008fef   Thumb Code     0  startup_stm32f10x_hd.o(.text)
    DMA1_Channel2_IRQHandler                 0x08008fef   Thumb Code     0  startup_stm32f10x_hd.o(.text)
    DMA1_Channel3_IRQHandler                 0x08008fef   Thumb Code     0  startup_stm32f10x_hd.o(.text)
    DMA1_Channel4_IRQHandler                 0x08008fef   Thumb Code     0  startup_stm32f10x_hd.o(.text)
    DMA1_Channel5_IRQHandler                 0x08008fef   Thumb Code     0  startup_stm32f10x_hd.o(.text)
    DMA1_Channel6_IRQHandler                 0x08008fef   Thumb Code     0  startup_stm32f10x_hd.o(.text)
    DMA1_Channel7_IRQHandler                 0x08008fef   Thumb Code     0  startup_stm32f10x_hd.o(.text)
    DMA2_Channel1_IRQHandler                 0x08008fef   Thumb Code     0  startup_stm32f10x_hd.o(.text)
    DMA2_Channel2_IRQHandler                 0x08008fef   Thumb Code     0  startup_stm32f10x_hd.o(.text)
    DMA2_Channel3_IRQHandler                 0x08008fef   Thumb Code     0  startup_stm32f10x_hd.o(.text)
    DMA2_Channel4_5_IRQHandler               0x08008fef   Thumb Code     0  startup_stm32f10x_hd.o(.text)
    EXTI0_IRQHandler                         0x08008fef   Thumb Code     0  startup_stm32f10x_hd.o(.text)
    EXTI15_10_IRQHandler                     0x08008fef   Thumb Code     0  startup_stm32f10x_hd.o(.text)
    EXTI1_IRQHandler                         0x08008fef   Thumb Code     0  startup_stm32f10x_hd.o(.text)
    EXTI2_IRQHandler                         0x08008fef   Thumb Code     0  startup_stm32f10x_hd.o(.text)
    EXTI3_IRQHandler                         0x08008fef   Thumb Code     0  startup_stm32f10x_hd.o(.text)
    EXTI9_5_IRQHandler                       0x08008fef   Thumb Code     0  startup_stm32f10x_hd.o(.text)
    FLASH_IRQHandler                         0x08008fef   Thumb Code     0  startup_stm32f10x_hd.o(.text)
    FSMC_IRQHandler                          0x08008fef   Thumb Code     0  startup_stm32f10x_hd.o(.text)
    I2C1_ER_IRQHandler                       0x08008fef   Thumb Code     0  startup_stm32f10x_hd.o(.text)
    I2C1_EV_IRQHandler                       0x08008fef   Thumb Code     0  startup_stm32f10x_hd.o(.text)
    I2C2_ER_IRQHandler                       0x08008fef   Thumb Code     0  startup_stm32f10x_hd.o(.text)
    I2C2_EV_IRQHandler                       0x08008fef   Thumb Code     0  startup_stm32f10x_hd.o(.text)
    PVD_IRQHandler                           0x08008fef   Thumb Code     0  startup_stm32f10x_hd.o(.text)
    RCC_IRQHandler                           0x08008fef   Thumb Code     0  startup_stm32f10x_hd.o(.text)
    RTCAlarm_IRQHandler                      0x08008fef   Thumb Code     0  startup_stm32f10x_hd.o(.text)
    RTC_IRQHandler                           0x08008fef   Thumb Code     0  startup_stm32f10x_hd.o(.text)
    SDIO_IRQHandler                          0x08008fef   Thumb Code     0  startup_stm32f10x_hd.o(.text)
    SPI1_IRQHandler                          0x08008fef   Thumb Code     0  startup_stm32f10x_hd.o(.text)
    SPI2_IRQHandler                          0x08008fef   Thumb Code     0  startup_stm32f10x_hd.o(.text)
    SPI3_IRQHandler                          0x08008fef   Thumb Code     0  startup_stm32f10x_hd.o(.text)
    TAMPER_IRQHandler                        0x08008fef   Thumb Code     0  startup_stm32f10x_hd.o(.text)
    TIM1_BRK_IRQHandler                      0x08008fef   Thumb Code     0  startup_stm32f10x_hd.o(.text)
    TIM1_CC_IRQHandler                       0x08008fef   Thumb Code     0  startup_stm32f10x_hd.o(.text)
    TIM1_TRG_COM_IRQHandler                  0x08008fef   Thumb Code     0  startup_stm32f10x_hd.o(.text)
    TIM1_UP_IRQHandler                       0x08008fef   Thumb Code     0  startup_stm32f10x_hd.o(.text)
    TIM2_IRQHandler                          0x08008fef   Thumb Code     0  startup_stm32f10x_hd.o(.text)
    TIM3_IRQHandler                          0x08008fef   Thumb Code     0  startup_stm32f10x_hd.o(.text)
    TIM4_IRQHandler                          0x08008fef   Thumb Code     0  startup_stm32f10x_hd.o(.text)
    TIM5_IRQHandler                          0x08008fef   Thumb Code     0  startup_stm32f10x_hd.o(.text)
    TIM6_IRQHandler                          0x08008fef   Thumb Code     0  startup_stm32f10x_hd.o(.text)
    TIM7_IRQHandler                          0x08008fef   Thumb Code     0  startup_stm32f10x_hd.o(.text)
    TIM8_BRK_IRQHandler                      0x08008fef   Thumb Code     0  startup_stm32f10x_hd.o(.text)
    TIM8_CC_IRQHandler                       0x08008fef   Thumb Code     0  startup_stm32f10x_hd.o(.text)
    TIM8_TRG_COM_IRQHandler                  0x08008fef   Thumb Code     0  startup_stm32f10x_hd.o(.text)
    TIM8_UP_IRQHandler                       0x08008fef   Thumb Code     0  startup_stm32f10x_hd.o(.text)
    UART4_IRQHandler                         0x08008fef   Thumb Code     0  startup_stm32f10x_hd.o(.text)
    UART5_IRQHandler                         0x08008fef   Thumb Code     0  startup_stm32f10x_hd.o(.text)
    USART2_IRQHandler                        0x08008fef   Thumb Code     0  startup_stm32f10x_hd.o(.text)
    USART3_IRQHandler                        0x08008fef   Thumb Code     0  startup_stm32f10x_hd.o(.text)
    USBWakeUp_IRQHandler                     0x08008fef   Thumb Code     0  startup_stm32f10x_hd.o(.text)
    USB_HP_CAN1_TX_IRQHandler                0x08008fef   Thumb Code     0  startup_stm32f10x_hd.o(.text)
    USB_LP_CAN1_RX0_IRQHandler               0x08008fef   Thumb Code     0  startup_stm32f10x_hd.o(.text)
    WWDG_IRQHandler                          0x08008fef   Thumb Code     0  startup_stm32f10x_hd.o(.text)
    __user_initial_stackheap                 0x08008ff1   Thumb Code     0  startup_stm32f10x_hd.o(.text)
    NVIC_PriorityGroupConfig                 0x08009015   Thumb Code    10  misc.o(.text)
    NVIC_Init                                0x0800901f   Thumb Code   100  misc.o(.text)
    NVIC_SetVectorTable                      0x08009083   Thumb Code    14  misc.o(.text)
    NVIC_SystemLPConfig                      0x08009091   Thumb Code    34  misc.o(.text)
    SysTick_CLKSourceConfig                  0x080090b3   Thumb Code    40  misc.o(.text)
    FSMC_NORSRAMDeInit                       0x080090f1   Thumb Code    54  stm32f10x_fsmc.o(.text)
    FSMC_NANDDeInit                          0x08009127   Thumb Code    62  stm32f10x_fsmc.o(.text)
    FSMC_PCCARDDeInit                        0x08009165   Thumb Code    36  stm32f10x_fsmc.o(.text)
    FSMC_NORSRAMInit                         0x08009189   Thumb Code   230  stm32f10x_fsmc.o(.text)
    FSMC_NANDInit                            0x0800926f   Thumb Code   132  stm32f10x_fsmc.o(.text)
    FSMC_PCCARDInit                          0x080092f3   Thumb Code   130  stm32f10x_fsmc.o(.text)
    FSMC_NORSRAMStructInit                   0x08009375   Thumb Code   114  stm32f10x_fsmc.o(.text)
    FSMC_NANDStructInit                      0x080093e7   Thumb Code    54  stm32f10x_fsmc.o(.text)
    FSMC_PCCARDStructInit                    0x0800941d   Thumb Code    60  stm32f10x_fsmc.o(.text)
    FSMC_NORSRAMCmd                          0x08009459   Thumb Code    46  stm32f10x_fsmc.o(.text)
    FSMC_NANDCmd                             0x08009487   Thumb Code    86  stm32f10x_fsmc.o(.text)
    FSMC_PCCARDCmd                           0x080094dd   Thumb Code    44  stm32f10x_fsmc.o(.text)
    FSMC_NANDECCCmd                          0x08009509   Thumb Code    90  stm32f10x_fsmc.o(.text)
    FSMC_GetECC                              0x08009563   Thumb Code    24  stm32f10x_fsmc.o(.text)
    FSMC_ITConfig                            0x0800957b   Thumb Code   128  stm32f10x_fsmc.o(.text)
    FSMC_GetFlagStatus                       0x080095fb   Thumb Code    54  stm32f10x_fsmc.o(.text)
    FSMC_ClearFlag                           0x08009631   Thumb Code    62  stm32f10x_fsmc.o(.text)
    FSMC_GetITStatus                         0x0800966f   Thumb Code    64  stm32f10x_fsmc.o(.text)
    FSMC_ClearITPendingBit                   0x080096af   Thumb Code    68  stm32f10x_fsmc.o(.text)
    GPIO_DeInit                              0x080096fd   Thumb Code   172  stm32f10x_gpio.o(.text)
    GPIO_AFIODeInit                          0x080097a9   Thumb Code    20  stm32f10x_gpio.o(.text)
    GPIO_Init                                0x080097bd   Thumb Code   278  stm32f10x_gpio.o(.text)
    GPIO_StructInit                          0x080098d3   Thumb Code    16  stm32f10x_gpio.o(.text)
    GPIO_ReadInputDataBit                    0x080098e3   Thumb Code    18  stm32f10x_gpio.o(.text)
    GPIO_ReadInputData                       0x080098f5   Thumb Code     8  stm32f10x_gpio.o(.text)
    GPIO_ReadOutputDataBit                   0x080098fd   Thumb Code    18  stm32f10x_gpio.o(.text)
    GPIO_ReadOutputData                      0x0800990f   Thumb Code     8  stm32f10x_gpio.o(.text)
    GPIO_SetBits                             0x08009917   Thumb Code     4  stm32f10x_gpio.o(.text)
    GPIO_ResetBits                           0x0800991b   Thumb Code     4  stm32f10x_gpio.o(.text)
    GPIO_WriteBit                            0x0800991f   Thumb Code    10  stm32f10x_gpio.o(.text)
    GPIO_Write                               0x08009929   Thumb Code     4  stm32f10x_gpio.o(.text)
    GPIO_PinLockConfig                       0x0800992d   Thumb Code    18  stm32f10x_gpio.o(.text)
    GPIO_EventOutputConfig                   0x0800993f   Thumb Code    26  stm32f10x_gpio.o(.text)
    GPIO_EventOutputCmd                      0x08009959   Thumb Code     6  stm32f10x_gpio.o(.text)
    GPIO_PinRemapConfig                      0x0800995f   Thumb Code   138  stm32f10x_gpio.o(.text)
    GPIO_EXTILineConfig                      0x080099e9   Thumb Code    66  stm32f10x_gpio.o(.text)
    GPIO_ETH_MediaInterfaceConfig            0x08009a2b   Thumb Code     8  stm32f10x_gpio.o(.text)
    RCC_DeInit                               0x08009a59   Thumb Code    64  stm32f10x_rcc.o(.text)
    RCC_HSEConfig                            0x08009a99   Thumb Code    70  stm32f10x_rcc.o(.text)
    RCC_GetFlagStatus                        0x08009adf   Thumb Code    56  stm32f10x_rcc.o(.text)
    RCC_WaitForHSEStartUp                    0x08009b17   Thumb Code    56  stm32f10x_rcc.o(.text)
    RCC_AdjustHSICalibrationValue            0x08009b4f   Thumb Code    20  stm32f10x_rcc.o(.text)
    RCC_HSICmd                               0x08009b63   Thumb Code     6  stm32f10x_rcc.o(.text)
    RCC_PLLConfig                            0x08009b69   Thumb Code    24  stm32f10x_rcc.o(.text)
    RCC_PLLCmd                               0x08009b81   Thumb Code     6  stm32f10x_rcc.o(.text)
    RCC_SYSCLKConfig                         0x08009b87   Thumb Code    18  stm32f10x_rcc.o(.text)
    RCC_GetSYSCLKSource                      0x08009b99   Thumb Code    10  stm32f10x_rcc.o(.text)
    RCC_HCLKConfig                           0x08009ba3   Thumb Code    18  stm32f10x_rcc.o(.text)
    RCC_PCLK1Config                          0x08009bb5   Thumb Code    18  stm32f10x_rcc.o(.text)
    RCC_PCLK2Config                          0x08009bc7   Thumb Code    20  stm32f10x_rcc.o(.text)
    RCC_ITConfig                             0x08009bdb   Thumb Code    26  stm32f10x_rcc.o(.text)
    RCC_USBCLKConfig                         0x08009bf5   Thumb Code     8  stm32f10x_rcc.o(.text)
    RCC_ADCCLKConfig                         0x08009bfd   Thumb Code    18  stm32f10x_rcc.o(.text)
    RCC_LSEConfig                            0x08009c0f   Thumb Code    50  stm32f10x_rcc.o(.text)
    RCC_LSICmd                               0x08009c41   Thumb Code     6  stm32f10x_rcc.o(.text)
    RCC_RTCCLKConfig                         0x08009c47   Thumb Code    12  stm32f10x_rcc.o(.text)
    RCC_RTCCLKCmd                            0x08009c53   Thumb Code     8  stm32f10x_rcc.o(.text)
    RCC_GetClocksFreq                        0x08009c5b   Thumb Code   192  stm32f10x_rcc.o(.text)
    RCC_AHBPeriphClockCmd                    0x08009d1b   Thumb Code    26  stm32f10x_rcc.o(.text)
    RCC_APB2PeriphClockCmd                   0x08009d35   Thumb Code    26  stm32f10x_rcc.o(.text)
    RCC_APB1PeriphClockCmd                   0x08009d4f   Thumb Code    26  stm32f10x_rcc.o(.text)
    RCC_APB2PeriphResetCmd                   0x08009d69   Thumb Code    26  stm32f10x_rcc.o(.text)
    RCC_APB1PeriphResetCmd                   0x08009d83   Thumb Code    26  stm32f10x_rcc.o(.text)
    RCC_BackupResetCmd                       0x08009d9d   Thumb Code     8  stm32f10x_rcc.o(.text)
    RCC_ClockSecuritySystemCmd               0x08009da5   Thumb Code     6  stm32f10x_rcc.o(.text)
    RCC_MCOConfig                            0x08009dab   Thumb Code     6  stm32f10x_rcc.o(.text)
    RCC_ClearFlag                            0x08009db1   Thumb Code    14  stm32f10x_rcc.o(.text)
    RCC_GetITStatus                          0x08009dbf   Thumb Code    20  stm32f10x_rcc.o(.text)
    RCC_ClearITPendingBit                    0x08009dd3   Thumb Code     6  stm32f10x_rcc.o(.text)
    USART_DeInit                             0x08009dfd   Thumb Code   134  stm32f10x_usart.o(.text)
    USART_Init                               0x08009e83   Thumb Code   210  stm32f10x_usart.o(.text)
    USART_StructInit                         0x08009f55   Thumb Code    24  stm32f10x_usart.o(.text)
    USART_ClockInit                          0x08009f6d   Thumb Code    34  stm32f10x_usart.o(.text)
    USART_ClockStructInit                    0x08009f8f   Thumb Code    12  stm32f10x_usart.o(.text)
    USART_Cmd                                0x08009f9b   Thumb Code    24  stm32f10x_usart.o(.text)
    USART_ITConfig                           0x08009fb3   Thumb Code    74  stm32f10x_usart.o(.text)
    USART_DMACmd                             0x08009ffd   Thumb Code    18  stm32f10x_usart.o(.text)
    USART_SetAddress                         0x0800a00f   Thumb Code    18  stm32f10x_usart.o(.text)
    USART_WakeUpConfig                       0x0800a021   Thumb Code    18  stm32f10x_usart.o(.text)
    USART_ReceiverWakeUpCmd                  0x0800a033   Thumb Code    24  stm32f10x_usart.o(.text)
    USART_LINBreakDetectLengthConfig         0x0800a04b   Thumb Code    18  stm32f10x_usart.o(.text)
    USART_LINCmd                             0x0800a05d   Thumb Code    24  stm32f10x_usart.o(.text)
    USART_SendData                           0x0800a075   Thumb Code     8  stm32f10x_usart.o(.text)
    USART_ReceiveData                        0x0800a07d   Thumb Code    10  stm32f10x_usart.o(.text)
    USART_SendBreak                          0x0800a087   Thumb Code    10  stm32f10x_usart.o(.text)
    USART_SetGuardTime                       0x0800a091   Thumb Code    16  stm32f10x_usart.o(.text)
    USART_SetPrescaler                       0x0800a0a1   Thumb Code    16  stm32f10x_usart.o(.text)
    USART_SmartCardCmd                       0x0800a0b1   Thumb Code    24  stm32f10x_usart.o(.text)
    USART_SmartCardNACKCmd                   0x0800a0c9   Thumb Code    24  stm32f10x_usart.o(.text)
    USART_HalfDuplexCmd                      0x0800a0e1   Thumb Code    24  stm32f10x_usart.o(.text)
    USART_OverSampling8Cmd                   0x0800a0f9   Thumb Code    22  stm32f10x_usart.o(.text)
    USART_OneBitMethodCmd                    0x0800a10f   Thumb Code    24  stm32f10x_usart.o(.text)
    USART_IrDAConfig                         0x0800a127   Thumb Code    18  stm32f10x_usart.o(.text)
    USART_IrDACmd                            0x0800a139   Thumb Code    24  stm32f10x_usart.o(.text)
    USART_GetFlagStatus                      0x0800a151   Thumb Code    26  stm32f10x_usart.o(.text)
    USART_ClearFlag                          0x0800a16b   Thumb Code    18  stm32f10x_usart.o(.text)
    USART_GetITStatus                        0x0800a17d   Thumb Code    84  stm32f10x_usart.o(.text)
    USART_ClearITPendingBit                  0x0800a1d1   Thumb Code    52  stm32f10x_usart.o(.text)
    EXTI_DeInit                              0x0800a205   Thumb Code    28  stm32f10x_exti.o(.text)
    EXTI_Init                                0x0800a221   Thumb Code   142  stm32f10x_exti.o(.text)
    EXTI_StructInit                          0x0800a2af   Thumb Code    16  stm32f10x_exti.o(.text)
    EXTI_GenerateSWInterrupt                 0x0800a2bf   Thumb Code    16  stm32f10x_exti.o(.text)
    EXTI_GetFlagStatus                       0x0800a2cf   Thumb Code    22  stm32f10x_exti.o(.text)
    EXTI_ClearFlag                           0x0800a2e5   Thumb Code     8  stm32f10x_exti.o(.text)
    EXTI_GetITStatus                         0x0800a2ed   Thumb Code    34  stm32f10x_exti.o(.text)
    EXTI_ClearITPendingBit                   0x0800a30f   Thumb Code     8  stm32f10x_exti.o(.text)
    __use_no_semihosting                     0x0800a321   Thumb Code     2  use_no_semi_2.o(.text)
    __2printf                                0x0800a325   Thumb Code    20  noretval__2printf.o(.text)
    __printf                                 0x0800a33d   Thumb Code   104  __printf.o(.text)
    _printf_str                              0x0800a3a5   Thumb Code    82  _printf_str.o(.text)
    _printf_int_dec                          0x0800a3f9   Thumb Code   104  _printf_dec.o(.text)
    _printf_int_hex                          0x0800a471   Thumb Code    84  _printf_hex_int.o(.text)
    _printf_longlong_hex                     0x0800a471   Thumb Code     0  _printf_hex_int.o(.text)
    strcmp                                   0x0800a4c9   Thumb Code   128  strcmpv7m.o(.text)
    __use_two_region_memory                  0x0800a549   Thumb Code     2  heapauxi.o(.text)
    __rt_heap_escrow$2region                 0x0800a54b   Thumb Code     2  heapauxi.o(.text)
    __rt_heap_expand$2region                 0x0800a54d   Thumb Code     2  heapauxi.o(.text)
    __I$use$semihosting                      0x0800a54f   Thumb Code     0  use_no_semi.o(.text)
    __use_no_semihosting_swi                 0x0800a54f   Thumb Code     2  use_no_semi.o(.text)
    __read_errno                             0x0800a551   Thumb Code    10  _rserrno.o(.text)
    __set_errno                              0x0800a55b   Thumb Code    12  _rserrno.o(.text)
    _printf_int_common                       0x0800a567   Thumb Code   178  _printf_intcommon.o(.text)
    _printf_cs_common                        0x0800a619   Thumb Code    20  _printf_char.o(.text)
    _printf_char                             0x0800a62d   Thumb Code    16  _printf_char.o(.text)
    _printf_string                           0x0800a63d   Thumb Code     8  _printf_char.o(.text)
    _printf_char_file                        0x0800a645   Thumb Code    32  _printf_char_file.o(.text)
    __aeabi_errno_addr                       0x0800a669   Thumb Code     8  rt_errno_addr_intlibspace.o(.text)
    __errno$intlibspace                      0x0800a669   Thumb Code     0  rt_errno_addr_intlibspace.o(.text)
    __rt_errno_addr$intlibspace              0x0800a669   Thumb Code     0  rt_errno_addr_intlibspace.o(.text)
    _printf_char_common                      0x0800a67b   Thumb Code    32  _printf_char_common.o(.text)
    ferror                                   0x0800a6a1   Thumb Code     8  ferror.o(.text)
    __user_libspace                          0x0800a6a9   Thumb Code     8  libspace.o(.text)
    __user_perproc_libspace                  0x0800a6a9   Thumb Code     0  libspace.o(.text)
    __user_perthread_libspace                0x0800a6a9   Thumb Code     0  libspace.o(.text)
    __user_setup_stackheap                   0x0800a6b1   Thumb Code    74  sys_stackheap_outer.o(.text)
    exit                                     0x0800a6fb   Thumb Code    18  exit.o(.text)
    sqrt                                     0x0800a70d   Thumb Code    76  sqrt.o(i.sqrt)
    __aeabi_dadd                             0x0800a759   Thumb Code     0  daddsub_clz.o(x$fpl$dadd)
    _dadd                                    0x0800a759   Thumb Code   332  daddsub_clz.o(x$fpl$dadd)
    __fpl_dcmp_Inf                           0x0800a8a9   Thumb Code    24  dcmpi.o(x$fpl$dcmpinf)
    __aeabi_ddiv                             0x0800a8c1   Thumb Code     0  ddiv.o(x$fpl$ddiv)
    _ddiv                                    0x0800a8c1   Thumb Code   552  ddiv.o(x$fpl$ddiv)
    __aeabi_d2iz                             0x0800ab71   Thumb Code     0  dfix.o(x$fpl$dfix)
    _dfix                                    0x0800ab71   Thumb Code    94  dfix.o(x$fpl$dfix)
    __aeabi_d2uiz                            0x0800abd1   Thumb Code     0  dfixu.o(x$fpl$dfixu)
    _dfixu                                   0x0800abd1   Thumb Code    90  dfixu.o(x$fpl$dfixu)
    __aeabi_i2d                              0x0800ac2b   Thumb Code     0  dflt_clz.o(x$fpl$dflt)
    _dflt                                    0x0800ac2b   Thumb Code    46  dflt_clz.o(x$fpl$dflt)
    __aeabi_ui2d                             0x0800ac59   Thumb Code     0  dflt_clz.o(x$fpl$dfltu)
    _dfltu                                   0x0800ac59   Thumb Code    38  dflt_clz.o(x$fpl$dfltu)
    __aeabi_cdcmple                          0x0800ac81   Thumb Code     0  dleqf.o(x$fpl$dleqf)
    _dcmple                                  0x0800ac81   Thumb Code   120  dleqf.o(x$fpl$dleqf)
    __fpl_dcmple_InfNaN                      0x0800ace3   Thumb Code     0  dleqf.o(x$fpl$dleqf)
    __aeabi_dmul                             0x0800acf9   Thumb Code     0  dmul.o(x$fpl$dmul)
    _dmul                                    0x0800acf9   Thumb Code   332  dmul.o(x$fpl$dmul)
    __fpl_dnaninf                            0x0800ae4d   Thumb Code   156  dnaninf.o(x$fpl$dnaninf)
    __fpl_dretinf                            0x0800aee9   Thumb Code    12  dretinf.o(x$fpl$dretinf)
    __aeabi_cdrcmple                         0x0800aef5   Thumb Code     0  drleqf.o(x$fpl$drleqf)
    _drcmple                                 0x0800aef5   Thumb Code   108  drleqf.o(x$fpl$drleqf)
    __aeabi_drsub                            0x0800af61   Thumb Code     0  daddsub_clz.o(x$fpl$drsb)
    _drsb                                    0x0800af61   Thumb Code    22  daddsub_clz.o(x$fpl$drsb)
    _dsqrt                                   0x0800af79   Thumb Code   456  dsqrt_noumaal.o(x$fpl$dsqrt)
    __aeabi_dsub                             0x0800b145   Thumb Code     0  daddsub_clz.o(x$fpl$dsub)
    _dsub                                    0x0800b145   Thumb Code   464  daddsub_clz.o(x$fpl$dsub)
    __aeabi_f2d                              0x0800b319   Thumb Code     0  f2d.o(x$fpl$f2d)
    _f2d                                     0x0800b319   Thumb Code    86  f2d.o(x$fpl$f2d)
    __aeabi_fadd                             0x0800b371   Thumb Code     0  faddsub_clz.o(x$fpl$fadd)
    _fadd                                    0x0800b371   Thumb Code   196  faddsub_clz.o(x$fpl$fadd)
    __aeabi_fdiv                             0x0800b435   Thumb Code     0  fdiv.o(x$fpl$fdiv)
    _fdiv                                    0x0800b435   Thumb Code   384  fdiv.o(x$fpl$fdiv)
    __aeabi_f2iz                             0x0800b5b9   Thumb Code     0  ffix.o(x$fpl$ffix)
    _ffix                                    0x0800b5b9   Thumb Code    54  ffix.o(x$fpl$ffix)
    __aeabi_f2uiz                            0x0800b5f1   Thumb Code     0  ffixu.o(x$fpl$ffixu)
    _ffixu                                   0x0800b5f1   Thumb Code    62  ffixu.o(x$fpl$ffixu)
    __aeabi_i2f                              0x0800b631   Thumb Code     0  fflt_clz.o(x$fpl$fflt)
    _fflt                                    0x0800b631   Thumb Code    48  fflt_clz.o(x$fpl$fflt)
    __aeabi_ui2f                             0x0800b661   Thumb Code     0  fflt_clz.o(x$fpl$ffltu)
    _ffltu                                   0x0800b661   Thumb Code    38  fflt_clz.o(x$fpl$ffltu)
    __aeabi_fmul                             0x0800b689   Thumb Code     0  fmul.o(x$fpl$fmul)
    _fmul                                    0x0800b689   Thumb Code   258  fmul.o(x$fpl$fmul)
    __fpl_fnaninf                            0x0800b78b   Thumb Code   140  fnaninf.o(x$fpl$fnaninf)
    __fpl_fretinf                            0x0800b817   Thumb Code    10  fretinf.o(x$fpl$fretinf)
    __aeabi_fsub                             0x0800b821   Thumb Code     0  faddsub_clz.o(x$fpl$fsub)
    _fsub                                    0x0800b821   Thumb Code   234  faddsub_clz.o(x$fpl$fsub)
    __I$use$fp                               0x0800b90a   Number         0  usenofp.o(x$fpl$usenofp)
    Chinese32                                0x0800b90c   Data          44  font.o(.constdata)
    Chinese64                                0x0800b938   Data          36  font.o(.constdata)
    asc2_1206                                0x0800b95c   Data        1140  font.o(.constdata)
    asc2_1608                                0x0800bdd0   Data        1520  font.o(.constdata)
    asc2_2412                                0x0800c3c0   Data        3420  font.o(.constdata)
    GB_3232                                  0x0800d11c   Data        1536  font.o(.constdata)
    GB_6464                                  0x0800d71c   Data        4608  font.o(.constdata)
    GB_1616                                  0x0800e91c   Data         352  font.o(.constdata)
    GB_5656                                  0x0800ea7c   Data        3528  font.o(.constdata)
    FT5206_TPX_TBL                           0x0800f844   Data          10  ft5206.o(.constdata)
    GT9147_CFG_TBL                           0x0800f84e   Data         184  gt9147.o(.constdata)
    GT9147_TPX_TBL                           0x0800f906   Data          10  gt9147.o(.constdata)
    OTT_TPX_TBL                              0x0800f910   Data          10  ott2001a.o(.constdata)
    TP_REMIND_MSG_TBL                        0x0800f91c   Data           4  touch.o(.constdata)
    Region$$Table$$Base                      0x0800f9c4   Number         0  anon$$obj.o(Region$$Table)
    Region$$Table$$Limit                     0x0800f9e4   Number         0  anon$$obj.o(Region$$Table)
    selectIndex                              0x20000000   Data           1  main.o(.data)
    gameRunFlag                              0x20000001   Data           1  main.o(.data)
    SystemCoreClock                          0x20000004   Data           4  system_stm32f10x.o(.data)
    AHBPrescTable                            0x20000008   Data          16  system_stm32f10x.o(.data)
    TURN                                     0x20000018   Data           1  chess.o(.data)
    undoEn                                   0x20000019   Data           1  chess.o(.data)
    changeBuffer2                            0x2000001a   Data           6  chess.o(.data)
    piece                                    0x20000020   Data         512  chess.o(.data)
    pieceTable                               0x20000220   Data          90  chess.o(.data)
    POINT_COLOR                              0x2000027a   Data           2  lcd.o(.data)
    BACK_COLOR                               0x2000027c   Data           2  lcd.o(.data)
    width                                    0x20000280   Data           2  displaychess.o(.data)
    height                                   0x20000282   Data           2  displaychess.o(.data)
    offsetX                                  0x20000284   Data           1  displaychess.o(.data)
    offsetY1                                 0x20000285   Data           1  displaychess.o(.data)
    offsetY2                                 0x20000286   Data           1  displaychess.o(.data)
    pieceR                                   0x20000287   Data           1  displaychess.o(.data)
    lengthCH                                 0x20000288   Data           1  displaychess.o(.data)
    lengthCH2                                0x20000289   Data           1  displaychess.o(.data)
    sX                                       0x2000028a   Data           2  displaychess.o(.data)
    sY                                       0x2000028c   Data           2  displaychess.o(.data)
    sizeENG                                  0x2000028e   Data           1  displaychess.o(.data)
    Libpiece                                 0x20000290   Data           4  displaychess.o(.data)
    Libbuttom                                0x20000294   Data           4  displaychess.o(.data)
    tp_dev                                   0x2000029c   Data          52  touch.o(.data)
    CMD_RDX                                  0x200002d0   Data           1  touch.o(.data)
    CMD_RDY                                  0x200002d1   Data           1  touch.o(.data)
    __stdout                                 0x200002d8   Data           4  usart.o(.data)
    USART_RX_STA                             0x200002dc   Data           2  usart.o(.data)
    lcddev                                   0x200002f4   Data          14  lcd.o(.bss)
    turnPiX                                  0x20000302   Data          18  displaychess.o(.bss)
    turnPiY                                  0x20000314   Data          20  displaychess.o(.bss)
    USART_RX_BUF                             0x20000328   Data         200  usart.o(.bss)
    __libspace_start                         0x200003f0   Data          96  libspace.o(.bss)
    __temporary_stack_top$libspace           0x20000450   Data           0  libspace.o(.bss)



==============================================================================

Memory Map of the image

  Image Entry point : 0x08000131

  Load Region LR_IROM1 (Base: 0x08000000, Size: 0x0000fcd8, Max: 0x00080000, ABSOLUTE, COMPRESSED[0x0000fb4c])

    Execution Region ER_IROM1 (Base: 0x08000000, Size: 0x0000f9e4, Max: 0x00080000, ABSOLUTE)

    Base Addr    Size         Type   Attr      Idx    E Section Name        Object

    0x08000000   0x00000130   Data   RO          557    RESET               startup_stm32f10x_hd.o
    0x08000130   0x00000008   Code   RO          723  * !!!main             c_w.l(__main.o)
    0x08000138   0x00000034   Code   RO          981    !!!scatter          c_w.l(__scatter.o)
    0x0800016c   0x0000005a   Code   RO          979    !!dczerorl2         c_w.l(__dczerorl2.o)
    0x080001c6   0x00000002   PAD
    0x080001c8   0x0000001c   Code   RO          983    !!handler_zi        c_w.l(__scatter_zi.o)
    0x080001e4   0x00000000   Code   RO          718    .ARM.Collect$$_printf_percent$$00000000  c_w.l(_printf_percent.o)
    0x080001e4   0x00000006   Code   RO          717    .ARM.Collect$$_printf_percent$$00000009  c_w.l(_printf_d.o)
    0x080001ea   0x00000006   Code   RO          716    .ARM.Collect$$_printf_percent$$0000000C  c_w.l(_printf_x.o)
    0x080001f0   0x00000006   Code   RO          715    .ARM.Collect$$_printf_percent$$00000014  c_w.l(_printf_s.o)
    0x080001f6   0x00000004   Code   RO          802    .ARM.Collect$$_printf_percent$$00000017  c_w.l(_printf_percent_end.o)
    0x080001fa   0x00000002   Code   RO          856    .ARM.Collect$$libinit$$00000000  c_w.l(libinit.o)
    0x080001fc   0x00000000   Code   RO          860    .ARM.Collect$$libinit$$00000002  c_w.l(libinit2.o)
    0x080001fc   0x00000000   Code   RO          862    .ARM.Collect$$libinit$$00000004  c_w.l(libinit2.o)
    0x080001fc   0x00000000   Code   RO          865    .ARM.Collect$$libinit$$0000000A  c_w.l(libinit2.o)
    0x080001fc   0x00000000   Code   RO          867    .ARM.Collect$$libinit$$0000000C  c_w.l(libinit2.o)
    0x080001fc   0x00000000   Code   RO          869    .ARM.Collect$$libinit$$0000000E  c_w.l(libinit2.o)
    0x080001fc   0x00000000   Code   RO          872    .ARM.Collect$$libinit$$00000011  c_w.l(libinit2.o)
    0x080001fc   0x00000000   Code   RO          874    .ARM.Collect$$libinit$$00000013  c_w.l(libinit2.o)
    0x080001fc   0x00000000   Code   RO          876    .ARM.Collect$$libinit$$00000015  c_w.l(libinit2.o)
    0x080001fc   0x00000000   Code   RO          878    .ARM.Collect$$libinit$$00000017  c_w.l(libinit2.o)
    0x080001fc   0x00000000   Code   RO          880    .ARM.Collect$$libinit$$00000019  c_w.l(libinit2.o)
    0x080001fc   0x00000000   Code   RO          882    .ARM.Collect$$libinit$$0000001B  c_w.l(libinit2.o)
    0x080001fc   0x00000000   Code   RO          884    .ARM.Collect$$libinit$$0000001D  c_w.l(libinit2.o)
    0x080001fc   0x00000000   Code   RO          886    .ARM.Collect$$libinit$$0000001F  c_w.l(libinit2.o)
    0x080001fc   0x00000000   Code   RO          888    .ARM.Collect$$libinit$$00000021  c_w.l(libinit2.o)
    0x080001fc   0x00000000   Code   RO          890    .ARM.Collect$$libinit$$00000023  c_w.l(libinit2.o)
    0x080001fc   0x00000000   Code   RO          892    .ARM.Collect$$libinit$$00000025  c_w.l(libinit2.o)
    0x080001fc   0x00000000   Code   RO          896    .ARM.Collect$$libinit$$0000002C  c_w.l(libinit2.o)
    0x080001fc   0x00000000   Code   RO          898    .ARM.Collect$$libinit$$0000002E  c_w.l(libinit2.o)
    0x080001fc   0x00000000   Code   RO          900    .ARM.Collect$$libinit$$00000030  c_w.l(libinit2.o)
    0x080001fc   0x00000000   Code   RO          902    .ARM.Collect$$libinit$$00000032  c_w.l(libinit2.o)
    0x080001fc   0x00000002   Code   RO          903    .ARM.Collect$$libinit$$00000033  c_w.l(libinit2.o)
    0x080001fe   0x00000002   Code   RO          921    .ARM.Collect$$libshutdown$$00000000  c_w.l(libshutdown.o)
    0x08000200   0x00000000   Code   RO          931    .ARM.Collect$$libshutdown$$00000002  c_w.l(libshutdown2.o)
    0x08000200   0x00000000   Code   RO          933    .ARM.Collect$$libshutdown$$00000004  c_w.l(libshutdown2.o)
    0x08000200   0x00000000   Code   RO          936    .ARM.Collect$$libshutdown$$00000007  c_w.l(libshutdown2.o)
    0x08000200   0x00000000   Code   RO          939    .ARM.Collect$$libshutdown$$0000000A  c_w.l(libshutdown2.o)
    0x08000200   0x00000000   Code   RO          941    .ARM.Collect$$libshutdown$$0000000C  c_w.l(libshutdown2.o)
    0x08000200   0x00000000   Code   RO          944    .ARM.Collect$$libshutdown$$0000000F  c_w.l(libshutdown2.o)
    0x08000200   0x00000002   Code   RO          945    .ARM.Collect$$libshutdown$$00000010  c_w.l(libshutdown2.o)
    0x08000202   0x00000000   Code   RO          793    .ARM.Collect$$rtentry$$00000000  c_w.l(__rtentry.o)
    0x08000202   0x00000000   Code   RO          817    .ARM.Collect$$rtentry$$00000002  c_w.l(__rtentry2.o)
    0x08000202   0x00000006   Code   RO          829    .ARM.Collect$$rtentry$$00000004  c_w.l(__rtentry4.o)
    0x08000208   0x00000000   Code   RO          819    .ARM.Collect$$rtentry$$00000009  c_w.l(__rtentry2.o)
    0x08000208   0x00000004   Code   RO          820    .ARM.Collect$$rtentry$$0000000A  c_w.l(__rtentry2.o)
    0x0800020c   0x00000000   Code   RO          822    .ARM.Collect$$rtentry$$0000000C  c_w.l(__rtentry2.o)
    0x0800020c   0x00000008   Code   RO          823    .ARM.Collect$$rtentry$$0000000D  c_w.l(__rtentry2.o)
    0x08000214   0x00000002   Code   RO          857    .ARM.Collect$$rtexit$$00000000  c_w.l(rtexit.o)
    0x08000216   0x00000000   Code   RO          905    .ARM.Collect$$rtexit$$00000002  c_w.l(rtexit2.o)
    0x08000216   0x00000004   Code   RO          906    .ARM.Collect$$rtexit$$00000003  c_w.l(rtexit2.o)
    0x0800021a   0x00000006   Code   RO          907    .ARM.Collect$$rtexit$$00000004  c_w.l(rtexit2.o)
    0x08000220   0x0000051c   Code   RO            1    .text               main.o
    0x0800073c   0x0000001a   Code   RO          158    .text               stm32f10x_it.o
    0x08000756   0x00000002   PAD
    0x08000758   0x000001e0   Code   RO          199    .text               system_stm32f10x.o
    0x08000938   0x00000578   Code   RO          217    .text               chess.o
    0x08000eb0   0x000007cc   Code   RO          235    .text               check.o
    0x0800167c   0x00004f40   Code   RO          247    .text               lcd.o
    0x080065bc   0x00000698   Code   RO          274    .text               displaychess.o
    0x08006c54   0x0000006c   Code   RO          301    .text               exti.o
    0x08006cc0   0x00000038   Code   RO          313    .text               beep.o
    0x08006cf8   0x00000126   Code   RO          334    .text               24cxx.o
    0x08006e1e   0x00000002   PAD
    0x08006e20   0x0000026c   Code   RO          352    .text               myiic.o
    0x0800708c   0x00000284   Code   RO          389    .text               ctiic.o
    0x08007310   0x00000338   Code   RO          404    .text               ft5206.o
    0x08007648   0x00000458   Code   RO          423    .text               gt9147.o
    0x08007aa0   0x0000036c   Code   RO          439    .text               ott2001a.o
    0x08007e0c   0x00000fb4   Code   RO          455    .text               touch.o
    0x08008dc0   0x000000d4   Code   RO          491    .text               delay.o
    0x08008e94   0x00000140   Code   RO          522    .text               usart.o
    0x08008fd4   0x00000040   Code   RO          558    .text               startup_stm32f10x_hd.o
    0x08009014   0x000000dc   Code   RO          562    .text               misc.o
    0x080090f0   0x0000060c   Code   RO          574    .text               stm32f10x_fsmc.o
    0x080096fc   0x0000035c   Code   RO          586    .text               stm32f10x_gpio.o
    0x08009a58   0x000003a4   Code   RO          598    .text               stm32f10x_rcc.o
    0x08009dfc   0x00000408   Code   RO          612    .text               stm32f10x_usart.o
    0x0800a204   0x0000011c   Code   RO          636    .text               stm32f10x_exti.o
    0x0800a320   0x00000002   Code   RO          662    .text               c_w.l(use_no_semi_2.o)
    0x0800a322   0x00000002   PAD
    0x0800a324   0x00000018   Code   RO          666    .text               c_w.l(noretval__2printf.o)
    0x0800a33c   0x00000068   Code   RO          668    .text               c_w.l(__printf.o)
    0x0800a3a4   0x00000052   Code   RO          670    .text               c_w.l(_printf_str.o)
    0x0800a3f6   0x00000002   PAD
    0x0800a3f8   0x00000078   Code   RO          672    .text               c_w.l(_printf_dec.o)
    0x0800a470   0x00000058   Code   RO          677    .text               c_w.l(_printf_hex_int.o)
    0x0800a4c8   0x00000080   Code   RO          719    .text               c_w.l(strcmpv7m.o)
    0x0800a548   0x00000006   Code   RO          721    .text               c_w.l(heapauxi.o)
    0x0800a54e   0x00000002   Code   RO          791    .text               c_w.l(use_no_semi.o)
    0x0800a550   0x00000016   Code   RO          794    .text               c_w.l(_rserrno.o)
    0x0800a566   0x000000b2   Code   RO          796    .text               c_w.l(_printf_intcommon.o)
    0x0800a618   0x0000002c   Code   RO          798    .text               c_w.l(_printf_char.o)
    0x0800a644   0x00000024   Code   RO          800    .text               c_w.l(_printf_char_file.o)
    0x0800a668   0x00000008   Code   RO          834    .text               c_w.l(rt_errno_addr_intlibspace.o)
    0x0800a670   0x00000030   Code   RO          836    .text               c_w.l(_printf_char_common.o)
    0x0800a6a0   0x00000008   Code   RO          838    .text               c_w.l(ferror.o)
    0x0800a6a8   0x00000008   Code   RO          842    .text               c_w.l(libspace.o)
    0x0800a6b0   0x0000004a   Code   RO          845    .text               c_w.l(sys_stackheap_outer.o)
    0x0800a6fa   0x00000012   Code   RO          849    .text               c_w.l(exit.o)
    0x0800a70c   0x0000004c   Code   RO          784    i.sqrt              m_ws.l(sqrt.o)
    0x0800a758   0x00000150   Code   RO          725    x$fpl$dadd          fz_ws.l(daddsub_clz.o)
    0x0800a8a8   0x00000018   Code   RO          803    x$fpl$dcmpinf       fz_ws.l(dcmpi.o)
    0x0800a8c0   0x000002b0   Code   RO          732    x$fpl$ddiv          fz_ws.l(ddiv.o)
    0x0800ab70   0x0000005e   Code   RO          735    x$fpl$dfix          fz_ws.l(dfix.o)
    0x0800abce   0x00000002   PAD
    0x0800abd0   0x0000005a   Code   RO          739    x$fpl$dfixu         fz_ws.l(dfixu.o)
    0x0800ac2a   0x0000002e   Code   RO          744    x$fpl$dflt          fz_ws.l(dflt_clz.o)
    0x0800ac58   0x00000026   Code   RO          743    x$fpl$dfltu         fz_ws.l(dflt_clz.o)
    0x0800ac7e   0x00000002   PAD
    0x0800ac80   0x00000078   Code   RO          749    x$fpl$dleqf         fz_ws.l(dleqf.o)
    0x0800acf8   0x00000154   Code   RO          751    x$fpl$dmul          fz_ws.l(dmul.o)
    0x0800ae4c   0x0000009c   Code   RO          805    x$fpl$dnaninf       fz_ws.l(dnaninf.o)
    0x0800aee8   0x0000000c   Code   RO          807    x$fpl$dretinf       fz_ws.l(dretinf.o)
    0x0800aef4   0x0000006c   Code   RO          753    x$fpl$drleqf        fz_ws.l(drleqf.o)
    0x0800af60   0x00000016   Code   RO          726    x$fpl$drsb          fz_ws.l(daddsub_clz.o)
    0x0800af76   0x00000002   PAD
    0x0800af78   0x000001cc   Code   RO          809    x$fpl$dsqrt         fz_ws.l(dsqrt_noumaal.o)
    0x0800b144   0x000001d4   Code   RO          727    x$fpl$dsub          fz_ws.l(daddsub_clz.o)
    0x0800b318   0x00000056   Code   RO          755    x$fpl$f2d           fz_ws.l(f2d.o)
    0x0800b36e   0x00000002   PAD
    0x0800b370   0x000000c4   Code   RO          757    x$fpl$fadd          fz_ws.l(faddsub_clz.o)
    0x0800b434   0x00000184   Code   RO          764    x$fpl$fdiv          fz_ws.l(fdiv.o)
    0x0800b5b8   0x00000036   Code   RO          767    x$fpl$ffix          fz_ws.l(ffix.o)
    0x0800b5ee   0x00000002   PAD
    0x0800b5f0   0x0000003e   Code   RO          771    x$fpl$ffixu         fz_ws.l(ffixu.o)
    0x0800b62e   0x00000002   PAD
    0x0800b630   0x00000030   Code   RO          776    x$fpl$fflt          fz_ws.l(fflt_clz.o)
    0x0800b660   0x00000026   Code   RO          775    x$fpl$ffltu         fz_ws.l(fflt_clz.o)
    0x0800b686   0x00000002   PAD
    0x0800b688   0x00000102   Code   RO          781    x$fpl$fmul          fz_ws.l(fmul.o)
    0x0800b78a   0x0000008c   Code   RO          811    x$fpl$fnaninf       fz_ws.l(fnaninf.o)
    0x0800b816   0x0000000a   Code   RO          813    x$fpl$fretinf       fz_ws.l(fretinf.o)
    0x0800b820   0x000000ea   Code   RO          759    x$fpl$fsub          fz_ws.l(faddsub_clz.o)
    0x0800b90a   0x00000000   Code   RO          815    x$fpl$usenofp       fz_ws.l(usenofp.o)
    0x0800b90a   0x00000002   PAD
    0x0800b90c   0x00003f38   Data   RO          325    .constdata          font.o
    0x0800f844   0x0000000a   Data   RO          405    .constdata          ft5206.o
    0x0800f84e   0x000000c2   Data   RO          424    .constdata          gt9147.o
    0x0800f910   0x0000000a   Data   RO          440    .constdata          ott2001a.o
    0x0800f91a   0x00000002   PAD
    0x0800f91c   0x00000004   Data   RO          456    .constdata          touch.o
    0x0800f920   0x00000028   Data   RO          678    .constdata          c_w.l(_printf_hex_int.o)
    0x0800f948   0x00000079   Data   RO          457    .conststring        touch.o
    0x0800f9c1   0x00000003   PAD
    0x0800f9c4   0x00000020   Data   RO          977    Region$$Table       anon$$obj.o


    Execution Region RW_IRAM1 (Base: 0x20000000, Size: 0x00000a50, Max: 0x00010000, ABSOLUTE, COMPRESSED[0x00000168])

    Base Addr    Size         Type   Attr      Idx    E Section Name        Object

    0x20000000   0x00000002   Data   RW            2    .data               main.o
    0x20000002   0x00000002   PAD
    0x20000004   0x00000014   Data   RW          200    .data               system_stm32f10x.o
    0x20000018   0x00000262   Data   RW          218    .data               chess.o
    0x2000027a   0x00000004   Data   RW          249    .data               lcd.o
    0x2000027e   0x00000002   PAD
    0x20000280   0x00000018   Data   RW          276    .data               displaychess.o
    0x20000298   0x00000001   Data   RW          406    .data               ft5206.o
    0x20000299   0x00000001   Data   RW          425    .data               gt9147.o
    0x2000029a   0x00000001   Data   RW          441    .data               ott2001a.o
    0x2000029b   0x00000001   PAD
    0x2000029c   0x00000036   Data   RW          458    .data               touch.o
    0x200002d2   0x00000004   Data   RW          492    .data               delay.o
    0x200002d6   0x00000002   PAD
    0x200002d8   0x00000006   Data   RW          524    .data               usart.o
    0x200002de   0x00000014   Data   RW          599    .data               stm32f10x_rcc.o
    0x200002f2   0x00000002   PAD
    0x200002f4   0x0000000e   Zero   RW          248    .bss                lcd.o
    0x20000302   0x00000026   Zero   RW          275    .bss                displaychess.o
    0x20000328   0x000000c8   Zero   RW          523    .bss                usart.o
    0x200003f0   0x00000060   Zero   RW          843    .bss                c_w.l(libspace.o)
    0x20000450   0x00000200   Zero   RW          556    HEAP                startup_stm32f10x_hd.o
    0x20000650   0x00000400   Zero   RW          555    STACK               startup_stm32f10x_hd.o


==============================================================================

Image component sizes


      Code (inc. data)   RO Data    RW Data    ZI Data      Debug   Object Name

       294          0          0          0          0       2137   24cxx.o
        56          6          0          0          0        476   beep.o
      1996        142          0          0          0       4584   check.o
      1400         18          0        610          0       6385   chess.o
       644         24          0          0          0       2037   ctiic.o
       212         18          0          4          0       1015   delay.o
      1688        150          0         24         38       4160   displaychess.o
       108          6          0          0          0        668   exti.o
         0          0      16184          0          0        884   font.o
       824         38         10          1          0       2499   ft5206.o
      1112         74        194          1          0       3026   gt9147.o
     20288        184          0          4         14      24076   lcd.o
      1308        104          0          2          0     245323   main.o
       220         22          0          0          0       1773   misc.o
       620         14          0          0          0       1848   myiic.o
       876         56         10          1          0       2671   ott2001a.o
        64         26        304          0       1536        784   startup_stm32f10x_hd.o
       284         10          0          0          0       2231   stm32f10x_exti.o
      1548         18          0          0          0       5351   stm32f10x_fsmc.o
       860         38          0          0          0       5705   stm32f10x_gpio.o
        26          0          0          0          0       1166   stm32f10x_it.o
       932         36          0         20          0       8872   stm32f10x_rcc.o
      1032         22          0          0          0       8432   stm32f10x_usart.o
         0          0          0          0          0         32   sys.o
       480         38          0         20          0       1695   system_stm32f10x.o
      4020        222        125         54          0       6789   touch.o
       320         18          0          6        200       3094   usart.o

    ----------------------------------------------------------------------
     41216       1284      16864        756       1788     347713   Object Totals
         0          0         32          0          0          0   (incl. Generated)
         4          0          5          9          0          0   (incl. Padding)

    ----------------------------------------------------------------------

      Code (inc. data)   RO Data    RW Data    ZI Data      Debug   Library Member Name

        90          0          0          0          0          0   __dczerorl2.o
         8          0          0          0          0         68   __main.o
       104          0          0          0          0         84   __printf.o
         0          0          0          0          0          0   __rtentry.o
        12          0          0          0          0          0   __rtentry2.o
         6          0          0          0          0          0   __rtentry4.o
        52          8          0          0          0          0   __scatter.o
        28          0          0          0          0          0   __scatter_zi.o
        44          0          0          0          0        108   _printf_char.o
        48          6          0          0          0         96   _printf_char_common.o
        36          4          0          0          0         80   _printf_char_file.o
         6          0          0          0          0          0   _printf_d.o
       120         16          0          0          0         92   _printf_dec.o
        88          4         40          0          0         88   _printf_hex_int.o
       178          0          0          0          0         88   _printf_intcommon.o
         0          0          0          0          0          0   _printf_percent.o
         4          0          0          0          0          0   _printf_percent_end.o
         6          0          0          0          0          0   _printf_s.o
        82          0          0          0          0         80   _printf_str.o
         6          0          0          0          0          0   _printf_x.o
        22          0          0          0          0        100   _rserrno.o
        18          0          0          0          0         80   exit.o
         8          0          0          0          0         68   ferror.o
         6          0          0          0          0        152   heapauxi.o
         2          0          0          0          0          0   libinit.o
         2          0          0          0          0          0   libinit2.o
         2          0          0          0          0          0   libshutdown.o
         2          0          0          0          0          0   libshutdown2.o
         8          4          0          0         96         68   libspace.o
        24          4          0          0          0         84   noretval__2printf.o
         8          4          0          0          0         68   rt_errno_addr_intlibspace.o
         2          0          0          0          0          0   rtexit.o
        10          0          0          0          0          0   rtexit2.o
       128          0          0          0          0         68   strcmpv7m.o
        74          0          0          0          0         80   sys_stackheap_outer.o
         2          0          0          0          0         68   use_no_semi.o
         2          0          0          0          0         68   use_no_semi_2.o
       826         16          0          0          0        348   daddsub_clz.o
        24          0          0          0          0         68   dcmpi.o
       688        140          0          0          0        208   ddiv.o
        94          4          0          0          0         92   dfix.o
        90          4          0          0          0         92   dfixu.o
        84          0          0          0          0        136   dflt_clz.o
       120          4          0          0          0         92   dleqf.o
       340         12          0          0          0        104   dmul.o
       156          4          0          0          0         92   dnaninf.o
        12          0          0          0          0         68   dretinf.o
       108          0          0          0          0         80   drleqf.o
       460         56          0          0          0        120   dsqrt_noumaal.o
        86          4          0          0          0         84   f2d.o
       430          8          0          0          0        168   faddsub_clz.o
       388         76          0          0          0         96   fdiv.o
        54          4          0          0          0         84   ffix.o
        62          4          0          0          0         84   ffixu.o
        86          0          0          0          0        136   fflt_clz.o
       258          4          0          0          0         84   fmul.o
       140          4          0          0          0         84   fnaninf.o
        10          0          0          0          0         68   fretinf.o
         0          0          0          0          0          0   usenofp.o
        76          0          0          0          0         84   sqrt.o

    ----------------------------------------------------------------------
      5852        394         40          0         96       4160   Library Totals
        22          0          0          0          0          0   (incl. Padding)

    ----------------------------------------------------------------------

      Code (inc. data)   RO Data    RW Data    ZI Data      Debug   Library Name

      1238         50         40          0         96       1688   c_w.l
      4516        344          0          0          0       2388   fz_ws.l
        76          0          0          0          0         84   m_ws.l

    ----------------------------------------------------------------------
      5852        394         40          0         96       4160   Library Totals

    ----------------------------------------------------------------------

==============================================================================


      Code (inc. data)   RO Data    RW Data    ZI Data      Debug   

     47068       1678      16904        756       1884     347813   Grand Totals
     47068       1678      16904        360       1884     347813   ELF Image Totals (compressed)
     47068       1678      16904        360          0          0   ROM Totals

==============================================================================

    Total RO  Size (Code + RO Data)                63972 (  62.47kB)
    Total RW  Size (RW Data + ZI Data)              2640 (   2.58kB)
    Total ROM Size (Code + RO Data + RW Data)      64332 (  62.82kB)

==============================================================================

